Component: ARM Compiler 5.06 update 6 (build 750) Tool: armlink [4d35ed]

==============================================================================

Section Cross References

    startup_stm32f407xx.o(RESET) refers to startup_stm32f407xx.o(STACK) for __initial_sp
    startup_stm32f407xx.o(RESET) refers to startup_stm32f407xx.o(.text) for Reset_Handler
    startup_stm32f407xx.o(RESET) refers to stm32f4xx_it.o(i.NMI_Handler) for NMI_Handler
    startup_stm32f407xx.o(RESET) refers to stm32f4xx_it.o(i.HardFault_Handler) for HardFault_Handler
    startup_stm32f407xx.o(RESET) refers to stm32f4xx_it.o(i.MemManage_Handler) for MemManage_Handler
    startup_stm32f407xx.o(RESET) refers to stm32f4xx_it.o(i.BusFault_Handler) for BusFault_Handler
    startup_stm32f407xx.o(RESET) refers to stm32f4xx_it.o(i.UsageFault_Handler) for UsageFault_Handler
    startup_stm32f407xx.o(RESET) refers to stm32f4xx_it.o(i.SVC_Handler) for SVC_Handler
    startup_stm32f407xx.o(RESET) refers to stm32f4xx_it.o(i.DebugMon_Handler) for DebugMon_Handler
    startup_stm32f407xx.o(RESET) refers to stm32f4xx_it.o(i.PendSV_Handler) for PendSV_Handler
    startup_stm32f407xx.o(RESET) refers to stm32f4xx_it.o(i.SysTick_Handler) for SysTick_Handler
    startup_stm32f407xx.o(RESET) refers to stm32f4xx_it.o(i.USART2_IRQHandler) for USART2_IRQHandler
    startup_stm32f407xx.o(RESET) refers to stm32f4xx_it.o(i.OTG_FS_IRQHandler) for OTG_FS_IRQHandler
    startup_stm32f407xx.o(.text) refers to system_stm32f4xx.o(i.SystemInit) for SystemInit
    startup_stm32f407xx.o(.text) refers to entry.o(.ARM.Collect$$$$00000000) for __main
    main.o(i.HAL_UART_RxCpltCallback) refers to printf2.o(i.__0printf$2) for __2printf
    main.o(i.HAL_UART_RxCpltCallback) refers to stm32f4xx_hal_uart.o(i.HAL_UART_Receive_IT) for HAL_UART_Receive_IT
    main.o(i.HAL_UART_RxCpltCallback) refers to main.o(.bss) for .bss
    main.o(i.HAL_UART_RxCpltCallback) refers to main.o(.data) for .data
    main.o(i.MX_GPIO_Init) refers to memseta.o(.text) for __aeabi_memclr4
    main.o(i.MX_GPIO_Init) refers to stm32f4xx_hal_gpio.o(i.HAL_GPIO_WritePin) for HAL_GPIO_WritePin
    main.o(i.MX_GPIO_Init) refers to stm32f4xx_hal_gpio.o(i.HAL_GPIO_Init) for HAL_GPIO_Init
    main.o(i.SystemClock_Config) refers to memseta.o(.text) for __aeabi_memclr4
    main.o(i.SystemClock_Config) refers to stm32f4xx_hal_rcc.o(i.HAL_RCC_OscConfig) for HAL_RCC_OscConfig
    main.o(i.SystemClock_Config) refers to stm32f4xx_hal_rcc.o(i.HAL_RCC_ClockConfig) for HAL_RCC_ClockConfig
    main.o(i.fputc) refers to stm32f4xx_hal_uart.o(i.HAL_UART_Transmit) for HAL_UART_Transmit
    main.o(i.fputc) refers to main.o(.bss) for .bss
    main.o(i.getFileName) refers to ff.o(i.f_mount) for f_mount
    main.o(i.getFileName) refers to printf2.o(i.__0printf$2) for __2printf
    main.o(i.getFileName) refers to main.o(i.scan_files) for scan_files
    main.o(i.getFileName) refers to main.o(.data) for .data
    main.o(i.getFileName) refers to main.o(.bss) for .bss
    main.o(i.main) refers to stm32f4xx_hal.o(i.HAL_Init) for HAL_Init
    main.o(i.main) refers to main.o(i.SystemClock_Config) for SystemClock_Config
    main.o(i.main) refers to main.o(i.MX_GPIO_Init) for MX_GPIO_Init
    main.o(i.main) refers to stm32f4xx_hal_uart.o(i.HAL_UART_Init) for HAL_UART_Init
    main.o(i.main) refers to fatfs.o(i.MX_FATFS_Init) for MX_FATFS_Init
    main.o(i.main) refers to usb_host.o(i.MX_USB_HOST_Init) for MX_USB_HOST_Init
    main.o(i.main) refers to stm32f4xx_hal_uart.o(i.HAL_UART_Receive_IT) for HAL_UART_Receive_IT
    main.o(i.main) refers to usb_host.o(i.MX_USB_HOST_Process) for MX_USB_HOST_Process
    main.o(i.main) refers to printf2.o(i.__0printf$2) for __2printf
    main.o(i.main) refers to main.o(i.getFileName) for getFileName
    main.o(i.main) refers to memseta.o(.text) for __aeabi_memclr4
    main.o(i.main) refers to ff.o(i.f_mount) for f_mount
    main.o(i.main) refers to ff.o(i.f_open) for f_open
    main.o(i.main) refers to ff.o(i.f_lseek) for f_lseek
    main.o(i.main) refers to ff.o(i.f_read) for f_read
    main.o(i.main) refers to ff.o(i.f_close) for f_close
    main.o(i.main) refers to main.o(.bss) for .bss
    main.o(i.main) refers to main.o(.data) for .data
    main.o(i.scan_files) refers to ff.o(i.f_opendir) for f_opendir
    main.o(i.scan_files) refers to ff.o(i.f_readdir) for f_readdir
    main.o(i.scan_files) refers to ff.o(i.f_closedir) for f_closedir
    main.o(i.scan_files) refers to printf2.o(i.__0sprintf$2) for __2sprintf
    main.o(i.scan_files) refers to strlen.o(.text) for strlen
    main.o(i.scan_files) refers to main.o(.bss) for .bss
    usbh_diskio.o(i.USBH_ioctl) refers to usbh_msc.o(i.USBH_MSC_GetLUNInfo) for USBH_MSC_GetLUNInfo
    usbh_diskio.o(i.USBH_ioctl) refers to usb_host.o(.bss) for hUsbHostFS
    usbh_diskio.o(i.USBH_read) refers to usbh_msc.o(i.USBH_MSC_Read) for USBH_MSC_Read
    usbh_diskio.o(i.USBH_read) refers to usbh_msc.o(i.USBH_MSC_GetLUNInfo) for USBH_MSC_GetLUNInfo
[...]
    USBH_MSC_InterfaceInit                   0x080028b7   Thumb Code   360  usbh_msc.o(i.USBH_MSC_InterfaceInit)
    i.USBH_MSC_Process                       0x08002a1e   Section        0  usbh_msc.o(i.USBH_MSC_Process)
    USBH_MSC_Process                         0x08002a1f   Thumb Code   630  usbh_msc.o(i.USBH_MSC_Process)
    i.USBH_MSC_RdWrProcess                   0x08002c94   Section        0  usbh_msc.o(i.USBH_MSC_RdWrProcess)
    USBH_MSC_RdWrProcess                     0x08002c95   Thumb Code   142  usbh_msc.o(i.USBH_MSC_RdWrProcess)
    i.USBH_MSC_Read                          0x08002d22   Section        0  usbh_msc.o(i.USBH_MSC_Read)
    i.USBH_MSC_SCSI_Inquiry                  0x08002db0   Section        0  usbh_msc_scsi.o(i.USBH_MSC_SCSI_Inquiry)
    i.USBH_MSC_SCSI_Read                     0x08002e86   Section        0  usbh_msc_scsi.o(i.USBH_MSC_SCSI_Read)
    i.USBH_MSC_SCSI_ReadCapacity             0x08002f08   Section        0  usbh_msc_scsi.o(i.USBH_MSC_SCSI_ReadCapacity)
    i.USBH_MSC_SCSI_RequestSense             0x08002f84   Section        0  usbh_msc_scsi.o(i.USBH_MSC_SCSI_RequestSense)
    i.USBH_MSC_SCSI_TestUnitReady            0x08003018   Section        0  usbh_msc_scsi.o(i.USBH_MSC_SCSI_TestUnitReady)
    i.USBH_MSC_SCSI_Write                    0x08003066   Section        0  usbh_msc_scsi.o(i.USBH_MSC_SCSI_Write)
    i.USBH_MSC_SOFProcess                    0x080030e8   Section        0  usbh_msc.o(i.USBH_MSC_SOFProcess)
    USBH_MSC_SOFProcess                      0x080030e9   Thumb Code     4  usbh_msc.o(i.USBH_MSC_SOFProcess)
    i.USBH_MSC_UnitIsReady                   0x080030ec   Section        0  usbh_msc.o(i.USBH_MSC_UnitIsReady)
    i.USBH_MSC_Write                         0x08003114   Section        0  usbh_msc.o(i.USBH_MSC_Write)
    i.USBH_OpenPipe                          0x080031a2   Section        0  usbh_pipes.o(i.USBH_OpenPipe)
    i.USBH_ParseCfgDesc                      0x080031b6   Section        0  usbh_ctlreq.o(i.USBH_ParseCfgDesc)
    USBH_ParseCfgDesc                        0x080031b7   Thumb Code   220  usbh_ctlreq.o(i.USBH_ParseCfgDesc)
    i.USBH_Process                           0x08003292   Section        0  usbh_core.o(i.USBH_Process)
    i.USBH_RegisterClass                     0x0800343c   Section        0  usbh_core.o(i.USBH_RegisterClass)
    i.USBH_SelectInterface                   0x08003460   Section        0  usbh_core.o(i.USBH_SelectInterface)
    i.USBH_SetAddress                        0x0800347a   Section        0  usbh_ctlreq.o(i.USBH_SetAddress)
    i.USBH_SetCfg                            0x08003496   Section        0  usbh_ctlreq.o(i.USBH_SetCfg)
    i.USBH_SetFeature                        0x080034b2   Section        0  usbh_ctlreq.o(i.USBH_SetFeature)
    i.USBH_Start                             0x080034ce   Section        0  usbh_core.o(i.USBH_Start)
    i.USBH_UserProcess                       0x080034e4   Section        0  usb_host.o(i.USBH_UserProcess)
    USBH_UserProcess                         0x080034e5   Thumb Code    28  usb_host.o(i.USBH_UserProcess)
    i.USBH_initialize                        0x08003504   Section        0  usbh_diskio.o(i.USBH_initialize)
    i.USBH_ioctl                             0x08003508   Section        0  usbh_diskio.o(i.USBH_ioctl)
    i.USBH_read                              0x0800356c   Section        0  usbh_diskio.o(i.USBH_read)
    i.USBH_status                            0x080035b0   Section        0  usbh_diskio.o(i.USBH_status)
    i.USBH_write                             0x080035c8   Section        0  usbh_diskio.o(i.USBH_write)
    i.USB_CoreInit                           0x08003614   Section        0  stm32f4xx_ll_usb.o(i.USB_CoreInit)
    i.USB_CoreReset                          0x08003688   Section        0  stm32f4xx_ll_usb.o(i.USB_CoreReset)
    USB_CoreReset                            0x08003689   Thumb Code    50  stm32f4xx_ll_usb.o(i.USB_CoreReset)
    i.USB_DisableGlobalInt                   0x080036c0   Section        0  stm32f4xx_ll_usb.o(i.USB_DisableGlobalInt)
    i.USB_DoPing                             0x080036cc   Section        0  stm32f4xx_ll_usb.o(i.USB_DoPing)
    i.USB_DriveVbus                          0x080036f0   Section        0  stm32f4xx_ll_usb.o(i.USB_DriveVbus)
    i.USB_EnableGlobalInt                    0x0800371c   Section        0  stm32f4xx_ll_usb.o(i.USB_EnableGlobalInt)
    i.USB_FlushRxFifo                        0x08003728   Section        0  stm32f4xx_ll_usb.o(i.USB_FlushRxFifo)
    i.USB_FlushTxFifo                        0x08003748   Section        0  stm32f4xx_ll_usb.o(i.USB_FlushTxFifo)
    i.USB_GetCurrentFrame                    0x0800376c   Section        0  stm32f4xx_ll_usb.o(i.USB_GetCurrentFrame)
    i.USB_GetHostSpeed                       0x08003774   Section        0  stm32f4xx_ll_usb.o(i.USB_GetHostSpeed)
    i.USB_GetMode                            0x08003782   Section        0  stm32f4xx_ll_usb.o(i.USB_GetMode)
    i.USB_HC_Halt                            0x0800378a   Section        0  stm32f4xx_ll_usb.o(i.USB_HC_Halt)
    i.USB_HC_Init                            0x0800384c   Section        0  stm32f4xx_ll_usb.o(i.USB_HC_Init)
    i.USB_HC_ReadInterrupt                   0x0800393c   Section        0  stm32f4xx_ll_usb.o(i.USB_HC_ReadInterrupt)
    i.USB_HC_StartXfer                       0x08003944   Section        0  stm32f4xx_ll_usb.o(i.USB_HC_StartXfer)
    i.USB_HostInit                           0x08003a94   Section        0  stm32f4xx_ll_usb.o(i.USB_HostInit)
    i.USB_InitFSLSPClkSel                    0x08003b6c   Section        0  stm32f4xx_ll_usb.o(i.USB_InitFSLSPClkSel)
    i.USB_ReadInterrupts                     0x08003ba2   Section        0  stm32f4xx_ll_usb.o(i.USB_ReadInterrupts)
    i.USB_ReadPacket                         0x08003baa   Section        0  stm32f4xx_ll_usb.o(i.USB_ReadPacket)
    i.USB_ResetPort                          0x08003bc6   Section        0  stm32f4xx_ll_usb.o(i.USB_ResetPort)
    i.USB_SetCurrentMode                     0x08003bf8   Section        0  stm32f4xx_ll_usb.o(i.USB_SetCurrentMode)
    i.USB_StopHost                           0x08003c28   Section        0  stm32f4xx_ll_usb.o(i.USB_StopHost)
    i.USB_WritePacket                        0x08003ca6   Section        0  stm32f4xx_ll_usb.o(i.USB_WritePacket)
    i.UsageFault_Handler                     0x08003cca   Section        0  stm32f4xx_it.o(i.UsageFault_Handler)
    i.__0printf$2                            0x08003ccc   Section        0  printf2.o(i.__0printf$2)
    i.__0sprintf$2                           0x08003cec   Section        0  printf2.o(i.__0sprintf$2)
    i.__NVIC_SetPriority                     0x08003d14   Section        0  stm32f4xx_hal_cortex.o(i.__NVIC_SetPriority)
    __NVIC_SetPriority                       0x08003d15   Thumb Code    32  stm32f4xx_hal_cortex.o(i.__NVIC_SetPriority)
    i.__scatterload_copy                     0x08003d34   Section       14  handlers.o(i.__scatterload_copy)
    i.__scatterload_null                     0x08003d42   Section        2  handlers.o(i.__scatterload_null)
    i.__scatterload_zeroinit                 0x08003d44   Section       14  handlers.o(i.__scatterload_zeroinit)
    i._printf_core                           0x08003d52   Section        0  printf2.o(i._printf_core)
    _printf_core                             0x08003d53   Thumb Code   214  printf2.o(i._printf_core)
    i._sputc                                 0x08003e28   Section        0  printf2.o(i._sputc)
    _sputc                                   0x08003e29   Thumb Code    10  printf2.o(i._sputc)
    i.check_fs                               0x08003e34   Section        0  ff.o(i.check_fs)
    check_fs                                 0x08003e35   Thumb Code   102  ff.o(i.check_fs)
    i.chk_lock                               0x08003ea4   Section        0  ff.o(i.chk_lock)
    chk_lock                                 0x08003ea5   Thumb Code    86  ff.o(i.chk_lock)
    i.clear_lock                             0x08003f00   Section        0  ff.o(i.clear_lock)
    clear_lock                               0x08003f01   Thumb Code    28  ff.o(i.clear_lock)
    i.clmt_clust                             0x08003f20   Section        0  ff.o(i.clmt_clust)
    clmt_clust                               0x08003f21   Thumb Code    36  ff.o(i.clmt_clust)
    i.clust2sect                             0x08003f44   Section        0  ff.o(i.clust2sect)
    clust2sect                               0x08003f45   Thumb Code    24  ff.o(i.clust2sect)
    i.create_chain                           0x08003f5c   Section        0  ff.o(i.create_chain)
    create_chain                             0x08003f5d   Thumb Code   164  ff.o(i.create_chain)
    i.create_name                            0x08004000   Section        0  ff.o(i.create_name)
    create_name                              0x08004001   Thumb Code   168  ff.o(i.create_name)
    i.dec_lock                               0x080040bc   Section        0  ff.o(i.dec_lock)
    dec_lock                                 0x080040bd   Thumb Code    48  ff.o(i.dec_lock)
    i.dir_find                               0x080040f0   Section        0  ff.o(i.dir_find)
    dir_find                                 0x080040f1   Thumb Code   100  ff.o(i.dir_find)
    i.dir_next                               0x08004154   Section        0  ff.o(i.dir_next)
    dir_next                                 0x08004155   Thumb Code   244  ff.o(i.dir_next)
    i.dir_read                               0x08004248   Section        0  ff.o(i.dir_read)
    dir_read                                 0x08004249   Thumb Code    96  ff.o(i.dir_read)
    i.dir_register                           0x080042a8   Section        0  ff.o(i.dir_register)
    dir_register                             0x080042a9   Thumb Code   102  ff.o(i.dir_register)
    i.dir_sdi                                0x0800430e   Section        0  ff.o(i.dir_sdi)
    dir_sdi                                  0x0800430f   Thumb Code   130  ff.o(i.dir_sdi)
    i.disk_initialize                        0x08004390   Section        0  diskio.o(i.disk_initialize)
    i.disk_ioctl                             0x080043b8   Section        0  diskio.o(i.disk_ioctl)
    i.disk_read                              0x080043d4   Section        0  diskio.o(i.disk_read)
    i.disk_status                            0x080043f0   Section        0  diskio.o(i.disk_status)
    i.disk_write                             0x08004408   Section        0  diskio.o(i.disk_write)
    i.f_close                                0x08004424   Section        0  ff.o(i.f_close)
    i.f_closedir                             0x0800444c   Section        0  ff.o(i.f_closedir)
    i.f_lseek                                0x0800446e   Section        0  ff.o(i.f_lseek)
    i.f_mount                                0x08004680   Section        0  ff.o(i.f_mount)
    i.f_open                                 0x080046d8   Section        0  ff.o(i.f_open)
    i.f_opendir                              0x080048e4   Section        0  ff.o(i.f_opendir)
    i.f_read                                 0x08004966   Section        0  ff.o(i.f_read)
    i.f_readdir                              0x08004ab8   Section        0  ff.o(i.f_readdir)
    i.f_sync                                 0x08004af8   Section        0  ff.o(i.f_sync)
    i.find_volume                            0x08004b88   Section        0  ff.o(i.find_volume)
    find_volume                              0x08004b89   Thumb Code   582  ff.o(i.find_volume)
    i.follow_path                            0x08004ddc   Section        0  ff.o(i.follow_path)
    follow_path                              0x08004ddd   Thumb Code   116  ff.o(i.follow_path)
    i.fputc                                  0x08004e50   Section        0  main.o(i.fputc)
    i.free                                   0x08004e68   Section        0  malloc.o(i.free)
    i.getFileName                            0x08004eb8   Section        0  main.o(i.getFileName)
    i.get_fat                                0x08004ef4   Section        0  ff.o(i.get_fat)
    get_fat                                  0x08004ef5   Thumb Code   188  ff.o(i.get_fat)
    i.get_fattime                            0x08004fb0   Section        0  fatfs.o(i.get_fattime)
    i.get_fileinfo                           0x08004fb4   Section        0  ff.o(i.get_fileinfo)
    get_fileinfo                             0x08004fb5   Thumb Code    98  ff.o(i.get_fileinfo)
    i.get_ldnumber                           0x08005016   Section        0  ff.o(i.get_ldnumber)
    get_ldnumber                             0x08005017   Thumb Code    60  ff.o(i.get_ldnumber)
    i.inc_lock                               0x08005054   Section        0  ff.o(i.inc_lock)
    inc_lock                                 0x08005055   Thumb Code   124  ff.o(i.inc_lock)
    i.ld_clust                               0x080050d4   Section        0  ff.o(i.ld_clust)
    ld_clust                                 0x080050d5   Thumb Code    38  ff.o(i.ld_clust)
    i.ld_dword                               0x080050fa   Section        0  ff.o(i.ld_dword)
    ld_dword                                 0x080050fb   Thumb Code    22  ff.o(i.ld_dword)
    i.ld_word                                0x08005110   Section        0  ff.o(i.ld_word)
    ld_word                                  0x08005111   Thumb Code    10  ff.o(i.ld_word)
    i.main                                   0x0800511c   Section        0  main.o(i.main)
    i.malloc                                 0x08005238   Section        0  malloc.o(i.malloc)
    i.mem_cpy                                0x080052a4   Section        0  ff.o(i.mem_cpy)
    mem_cpy                                  0x080052a5   Thumb Code    18  ff.o(i.mem_cpy)
    i.mem_set                                0x080052b8   Section        0  ff.o(i.mem_set)
    mem_set                                  0x080052b9   Thumb Code    14  ff.o(i.mem_set)
    i.move_window                            0x080052c6   Section        0  ff.o(i.move_window)
    move_window                              0x080052c7   Thumb Code    50  ff.o(i.move_window)
    i.put_fat                                0x080052f8   Section        0  ff.o(i.put_fat)
    put_fat                                  0x080052f9   Thumb Code   234  ff.o(i.put_fat)
    i.remove_chain                           0x080053e2   Section        0  ff.o(i.remove_chain)
    remove_chain                             0x080053e3   Thumb Code   116  ff.o(i.remove_chain)
    i.scan_files                             0x08005458   Section        0  main.o(i.scan_files)
    i.st_clust                               0x080054e4   Section        0  ff.o(i.st_clust)
    st_clust                                 0x080054e5   Thumb Code    40  ff.o(i.st_clust)
    i.st_dword                               0x0800550c   Section        0  ff.o(i.st_dword)
    st_dword                                 0x0800550d   Thumb Code    16  ff.o(i.st_dword)
    i.st_word                                0x0800551c   Section        0  ff.o(i.st_word)
    st_word                                  0x0800551d   Thumb Code     8  ff.o(i.st_word)
    i.sync_fs                                0x08005524   Section        0  ff.o(i.sync_fs)
    sync_fs                                  0x08005525   Thumb Code   126  ff.o(i.sync_fs)
    i.sync_window                            0x080055ac   Section        0  ff.o(i.sync_window)
    sync_window                              0x080055ad   Thumb Code    82  ff.o(i.sync_window)
    i.validate                               0x080055fe   Section        0  ff.o(i.validate)
    validate                                 0x080055ff   Thumb Code    52  ff.o(i.validate)
    .constdata                               0x08005634   Section       20  usbh_diskio.o(.constdata)
    .constdata                               0x08005648   Section       16  system_stm32f4xx.o(.constdata)
    .constdata                               0x08005658   Section        8  system_stm32f4xx.o(.constdata)
    .constdata                               0x08005660   Section      156  ff.o(.constdata)
    ExCvt                                    0x08005660   Data         128  ff.o(.constdata)
    cst                                      0x080056e0   Data          14  ff.o(.constdata)
    cst32                                    0x080056ee   Data          14  ff.o(.constdata)
    .conststring                             0x080056fc   Section        4  usbh_msc.o(.conststring)
    .data                                    0x20000000   Section       16  main.o(.data)
    .data                                    0x20000010   Section        5  fatfs.o(.data)
    .data                                    0x20000015   Section        1  usb_host.o(.data)
    .data                                    0x20000018   Section        4  stm32f4xx_ll_usb.o(.data)
    tmpreg                                   0x20000018   Data           4  stm32f4xx_ll_usb.o(.data)
    .data                                    0x2000001c   Section       12  stm32f4xx_hal.o(.data)
    .data                                    0x20000028   Section        4  system_stm32f4xx.o(.data)
    .data                                    0x2000002c   Section        8  ff.o(.data)
    Fsid                                     0x2000002c   Data           2  ff.o(.data)
    FatFs                                    0x20000030   Data           4  ff.o(.data)
    .data                                    0x20000034   Section       32  usbh_msc.o(.data)
    .data                                    0x20000054   Section        4  stdout.o(.data)
    .data                                    0x20000058   Section        4  mvars.o(.data)
    .data                                    0x2000005c   Section        4  mvars.o(.data)
    .bss                                     0x20000060   Section    12392  main.o(.bss)
    fno                                      0x20000060   Data          24  main.o(.bss)
    .bss                                     0x200030c8   Section     4556  usb_host.o(.bss)
    .bss                                     0x20004294   Section      708  usbh_conf.o(.bss)
    .bss                                     0x20004558   Section       32  ff.o(.bss)
    Files                                    0x20004558   Data          32  ff.o(.bss)
    .bss                                     0x20004578   Section       12  ff_gen_drv.o(.bss)
    HEAP                                     0x20004588   Section     8192  startup_stm32f407xx.o(HEAP)
    STACK                                    0x20006588   Section    16384  startup_stm32f407xx.o(STACK)

    Global Symbols

    Symbol Name                              Value     Ov Type        Size  Object(Section)

    BuildAttributes$$THM_ISAv4$E$P$D$K$B$S$7EM$VFPi3$EXTD16$VFPS$VFMA$PE$A:L22UL41UL21$X:L11$S22US41US21$IEEE1$IW$USESV6$~STKCKD$USESV7$~SHL$OSPACE$ROPI$EBA8$MICROLIB$REQ8$PRES8$EABIv2 0x00000000   Number         0  anon$$obj.o ABSOLUTE
    __ARM_use_no_argv                        0x00000000   Number         0  main.o ABSOLUTE
    _printf_a                                0x00000000   Number         0  stubs.o ABSOLUTE
    _printf_c                                0x00000000   Number         0  stubs.o ABSOLUTE
    _printf_charcount                        0x00000000   Number         0  stubs.o ABSOLUTE
    _printf_d                                0x00000000   Number         0  stubs.o ABSOLUTE
    _printf_e                                0x00000000   Number         0  stubs.o ABSOLUTE
    _printf_f                                0x00000000   Number         0  stubs.o ABSOLUTE
    _printf_flags                            0x00000000   Number         0  stubs.o ABSOLUTE
    _printf_fp_dec                           0x00000000   Number         0  stubs.o ABSOLUTE
    _printf_fp_hex                           0x00000000   Number         0  stubs.o ABSOLUTE
    _printf_g                                0x00000000   Number         0  stubs.o ABSOLUTE
    _printf_i                                0x00000000   Number         0  stubs.o ABSOLUTE
    _printf_int_dec                          0x00000000   Number         0  stubs.o ABSOLUTE
    _printf_l                                0x00000000   Number         0  stubs.o ABSOLUTE
    _printf_lc                               0x00000000   Number         0  stubs.o ABSOLUTE
    _printf_ll                               0x00000000   Number         0  stubs.o ABSOLUTE
    _printf_lld                              0x00000000   Number         0  stubs.o ABSOLUTE
    _printf_lli                              0x00000000   Number         0  stubs.o ABSOLUTE
    _printf_llo                              0x00000000   Number         0  stubs.o ABSOLUTE
    _printf_llu                              0x00000000   Number         0  stubs.o ABSOLUTE
    _printf_llx                              0x00000000   Number         0  stubs.o ABSOLUTE
    _printf_longlong_dec                     0x00000000   Number         0  stubs.o ABSOLUTE
    _printf_longlong_hex                     0x00000000   Number         0  stubs.o ABSOLUTE
    _printf_longlong_oct                     0x00000000   Number         0  stubs.o ABSOLUTE
    _printf_ls                               0x00000000   Number         0  stubs.o ABSOLUTE
    _printf_mbtowc                           0x00000000   Number         0  stubs.o ABSOLUTE
    _printf_n                                0x00000000   Number         0  stubs.o ABSOLUTE
    _printf_o                                0x00000000   Number         0  stubs.o ABSOLUTE
    _printf_p                                0x00000000   Number         0  stubs.o ABSOLUTE
    _printf_percent                          0x00000000   Number         0  stubs.o ABSOLUTE
    _printf_pre_padding                      0x00000000   Number         0  stubs.o ABSOLUTE
    _printf_return_value                     0x00000000   Number         0  stubs.o ABSOLUTE
    _printf_s                                0x00000000   Number         0  stubs.o ABSOLUTE
    _printf_sizespec                         0x00000000   Number         0  stubs.o ABSOLUTE
    _printf_str                              0x00000000   Number         0  stubs.o ABSOLUTE
    _printf_truncate_signed                  0x00000000   Number         0  stubs.o ABSOLUTE
    _printf_truncate_unsigned                0x00000000   Number         0  stubs.o ABSOLUTE
    _printf_u                                0x00000000   Number         0  stubs.o ABSOLUTE
    _printf_wc                               0x00000000   Number         0  stubs.o ABSOLUTE
    _printf_wctomb                           0x00000000   Number         0  stubs.o ABSOLUTE
    _printf_widthprec                        0x00000000   Number         0  stubs.o ABSOLUTE
    _printf_x                                0x00000000   Number         0  stubs.o ABSOLUTE
    __cpp_initialize__aeabi_                  - Undefined Weak Reference
    __cxa_finalize                            - Undefined Weak Reference
    __decompress                              - Undefined Weak Reference
    _clock_init                               - Undefined Weak Reference
    _microlib_exit                            - Undefined Weak Reference
    __Vectors_Size                           0x00000188   Number         0  startup_stm32f407xx.o ABSOLUTE
    __Vectors                                0x08000000   Data           4  startup_stm32f407xx.o(RESET)
    __Vectors_End                            0x08000188   Data           0  startup_stm32f407xx.o(RESET)
    __main                                   0x08000189   Thumb Code     0  entry.o(.ARM.Collect$$$$00000000)
    _main_stk                                0x08000189   Thumb Code     0  entry2.o(.ARM.Collect$$$$00000001)
    _main_scatterload                        0x0800018d   Thumb Code     0  entry5.o(.ARM.Collect$$$$00000004)
    __main_after_scatterload                 0x08000191   Thumb Code     0  entry5.o(.ARM.Collect$$$$00000004)
    _main_clock                              0x08000191   Thumb Code     0  entry7b.o(.ARM.Collect$$$$00000008)
    _main_cpp_init                           0x08000191   Thumb Code     0  entry8b.o(.ARM.Collect$$$$0000000A)
    _main_init                               0x08000191   Thumb Code     0  entry9a.o(.ARM.Collect$$$$0000000B)
    __rt_final_cpp                           0x08000199   Thumb Code     0  entry10a.o(.ARM.Collect$$$$0000000D)
    __rt_final_exit                          0x08000199   Thumb Code     0  entry11a.o(.ARM.Collect$$$$0000000F)
    Reset_Handler                            0x0800019d   Thumb Code     8  startup_stm32f407xx.o(.text)
    ADC_IRQHandler                           0x080001b7   Thumb Code     0  startup_stm32f407xx.o(.text)
    CAN1_RX0_IRQHandler                      0x080001b7   Thumb Code     0  startup_stm32f407xx.o(.text)
    CAN1_RX1_IRQHandler                      0x080001b7   Thumb Code     0  startup_stm32f407xx.o(.text)
    CAN1_SCE_IRQHandler                      0x080001b7   Thumb Code     0  startup_stm32f407xx.o(.text)
    CAN1_TX_IRQHandler                       0x080001b7   Thumb Code     0  startup_stm32f407xx.o(.text)
    CAN2_RX0_IRQHandler                      0x080001b7   Thumb Code     0  startup_stm32f407xx.o(.text)
    CAN2_RX1_IRQHandler                      0x080001b7   Thumb Code     0  startup_stm32f407xx.o(.text)
    CAN2_SCE_IRQHandler                      0x080001b7   Thumb Code     0  startup_stm32f407xx.o(.text)
    CAN2_TX_IRQHandler                       0x080001b7   Thumb Code     0  startup_stm32f407xx.o(.text)
    DCMI_IRQHandler                          0x080001b7   Thumb Code     0  startup_stm32f407xx.o(.text)
    DMA1_Stream0_IRQHandler                  0x080001b7   Thumb Code     0  startup_stm32f407xx.o(.text)
    DMA1_Stream1_IRQHandler                  0x080001b7   Thumb Code     0  startup_stm32f407xx.o(.text)
    DMA1_Stream2_IRQHandler                  0x080001b7   Thumb Code     0  startup_stm32f407xx.o(.text)
    DMA1_Stream3_IRQHandler                  0x080001b7   Thumb Code     0  startup_stm32f407xx.o(.text)
    DMA1_Stream4_IRQHandler                  0x080001b7   Thumb Code     0  startup_stm32f407xx.o(.text)
    DMA1_Stream5_IRQHandler                  0x080001b7   Thumb Code     0  startup_stm32f407xx.o(.text)
    DMA1_Stream6_IRQHandler                  0x080001b7   Thumb Code     0  startup_stm32f407xx.o(.text)
    DMA1_Stream7_IRQHandler                  0x080001b7   Thumb Code     0  startup_stm32f407xx.o(.text)
    DMA2_Stream0_IRQHandler                  0x080001b7   Thumb Code     0  startup_stm32f407xx.o(.text)
    DMA2_Stream1_IRQHandler                  0x080001b7   Thumb Code     0  startup_stm32f407xx.o(.text)
    DMA2_Stream2_IRQHandler                  0x080001b7   Thumb Code     0  startup_stm32f407xx.o(.text)
    DMA2_Stream3_IRQHandler                  0x080001b7   Thumb Code     0  startup_stm32f407xx.o(.text)
    DMA2_Stream4_IRQHandler                  0x080001b7   Thumb Code     0  startup_stm32f407xx.o(.text)
    DMA2_Stream5_IRQHandler                  0x080001b7   Thumb Code     0  startup_stm32f407xx.o(.text)
    DMA2_Stream6_IRQHandler                  0x080001b7   Thumb Code     0  startup_stm32f407xx.o(.text)
    DMA2_Stream7_IRQHandler                  0x080001b7   Thumb Code     0  startup_stm32f407xx.o(.text)
    ETH_IRQHandler                           0x080001b7   Thumb Code     0  startup_stm32f407xx.o(.text)
    ETH_WKUP_IRQHandler                      0x080001b7   Thumb Code     0  startup_stm32f407xx.o(.text)
    EXTI0_IRQHandler                         0x080001b7   Thumb Code     0  startup_stm32f407xx.o(.text)
    EXTI15_10_IRQHandler                     0x080001b7   Thumb Code     0  startup_stm32f407xx.o(.text)
    EXTI1_IRQHandler                         0x080001b7   Thumb Code     0  startup_stm32f407xx.o(.text)
    EXTI2_IRQHandler                         0x080001b7   Thumb Code     0  startup_stm32f407xx.o(.text)
    EXTI3_IRQHandler                         0x080001b7   Thumb Code     0  startup_stm32f407xx.o(.text)
    EXTI4_IRQHandler                         0x080001b7   Thumb Code     0  startup_stm32f407xx.o(.text)
    EXTI9_5_IRQHandler                       0x080001b7   Thumb Code     0  startup_stm32f407xx.o(.text)
    FLASH_IRQHandler                         0x080001b7   Thumb Code     0  startup_stm32f407xx.o(.text)
    FMC_IRQHandler                           0x080001b7   Thumb Code     0  startup_stm32f407xx.o(.text)
    FPU_IRQHandler                           0x080001b7   Thumb Code     0  startup_stm32f407xx.o(.text)
    HASH_RNG_IRQHandler                      0x080001b7   Thumb Code     0  startup_stm32f407xx.o(.text)
    I2C1_ER_IRQHandler                       0x080001b7   Thumb Code     0  startup_stm32f407xx.o(.text)
    I2C1_EV_IRQHandler                       0x080001b7   Thumb Code     0  startup_stm32f407xx.o(.text)
    I2C2_ER_IRQHandler                       0x080001b7   Thumb Code     0  startup_stm32f407xx.o(.text)
    I2C2_EV_IRQHandler                       0x080001b7   Thumb Code     0  startup_stm32f407xx.o(.text)
    I2C3_ER_IRQHandler                       0x080001b7   Thumb Code     0  startup_stm32f407xx.o(.text)
    I2C3_EV_IRQHandler                       0x080001b7   Thumb Code     0  startup_stm32f407xx.o(.text)
    OTG_FS_WKUP_IRQHandler                   0x080001b7   Thumb Code     0  startup_stm32f407xx.o(.text)
    OTG_HS_EP1_IN_IRQHandler                 0x080001b7   Thumb Code     0  startup_stm32f407xx.o(.text)
    OTG_HS_EP1_OUT_IRQHandler                0x080001b7   Thumb Code     0  startup_stm32f407xx.o(.text)
    OTG_HS_IRQHandler                        0x080001b7   Thumb Code     0  startup_stm32f407xx.o(.text)
    OTG_HS_WKUP_IRQHandler                   0x080001b7   Thumb Code     0  startup_stm32f407xx.o(.text)
    PVD_IRQHandler                           0x080001b7   Thumb Code     0  startup_stm32f407xx.o(.text)
    RCC_IRQHandler                           0x080001b7   Thumb Code     0  startup_stm32f407xx.o(.text)
    RTC_Alarm_IRQHandler                     0x080001b7   Thumb Code     0  startup_stm32f407xx.o(.text)
    RTC_WKUP_IRQHandler                      0x080001b7   Thumb Code     0  startup_stm32f407xx.o(.text)
    SDIO_IRQHandler                          0x080001b7   Thumb Code     0  startup_stm32f407xx.o(.text)
    SPI1_IRQHandler                          0x080001b7   Thumb Code     0  startup_stm32f407xx.o(.text)
    SPI2_IRQHandler                          0x080001b7   Thumb Code     0  startup_stm32f407xx.o(.text)
    SPI3_IRQHandler                          0x080001b7   Thumb Code     0  startup_stm32f407xx.o(.text)
    TAMP_STAMP_IRQHandler                    0x080001b7   Thumb Code     0  startup_stm32f407xx.o(.text)
    TIM1_BRK_TIM9_IRQHandler                 0x080001b7   Thumb Code     0  startup_stm32f407xx.o(.text)
    TIM1_CC_IRQHandler                       0x080001b7   Thumb Code     0  startup_stm32f407xx.o(.text)
    TIM1_TRG_COM_TIM11_IRQHandler            0x080001b7   Thumb Code     0  startup_stm32f407xx.o(.text)
    TIM1_UP_TIM10_IRQHandler                 0x080001b7   Thumb Code     0  startup_stm32f407xx.o(.text)
    TIM2_IRQHandler                          0x080001b7   Thumb Code     0  startup_stm32f407xx.o(.text)
    TIM3_IRQHandler                          0x080001b7   Thumb Code     0  startup_stm32f407xx.o(.text)
    TIM4_IRQHandler                          0x080001b7   Thumb Code     0  startup_stm32f407xx.o(.text)
    TIM5_IRQHandler                          0x080001b7   Thumb Code     0  startup_stm32f407xx.o(.text)
    TIM6_DAC_IRQHandler                      0x080001b7   Thumb Code     0  startup_stm32f407xx.o(.text)
    TIM7_IRQHandler                          0x080001b7   Thumb Code     0  startup_stm32f407xx.o(.text)
    TIM8_BRK_TIM12_IRQHandler                0x080001b7   Thumb Code     0  startup_stm32f407xx.o(.text)
    TIM8_CC_IRQHandler                       0x080001b7   Thumb Code     0  startup_stm32f407xx.o(.text)
    TIM8_TRG_COM_TIM14_IRQHandler            0x080001b7   Thumb Code     0  startup_stm32f407xx.o(.text)
    TIM8_UP_TIM13_IRQHandler                 0x080001b7   Thumb Code     0  startup_stm32f407xx.o(.text)
    UART4_IRQHandler                         0x080001b7   Thumb Code     0  startup_stm32f407xx.o(.text)
    UART5_IRQHandler                         0x080001b7   Thumb Code     0  startup_stm32f407xx.o(.text)
    USART1_IRQHandler                        0x080001b7   Thumb Code     0  startup_stm32f407xx.o(.text)
    USART3_IRQHandler                        0x080001b7   Thumb Code     0  startup_stm32f407xx.o(.text)
    USART6_IRQHandler                        0x080001b7   Thumb Code     0  startup_stm32f407xx.o(.text)
    WWDG_IRQHandler                          0x080001b7   Thumb Code     0  startup_stm32f407xx.o(.text)
    __aeabi_uldivmod                         0x080001c1   Thumb Code    98  uldiv.o(.text)
    __aeabi_memcpy                           0x08000223   Thumb Code    36  memcpya.o(.text)
    __aeabi_memcpy4                          0x08000223   Thumb Code     0  memcpya.o(.text)
    __aeabi_memcpy8                          0x08000223   Thumb Code     0  memcpya.o(.text)
    __aeabi_memset                           0x08000247   Thumb Code    14  memseta.o(.text)
    __aeabi_memset4                          0x08000247   Thumb Code     0  memseta.o(.text)
    __aeabi_memset8                          0x08000247   Thumb Code     0  memseta.o(.text)
    __aeabi_memclr                           0x08000255   Thumb Code     4  memseta.o(.text)
    __aeabi_memclr4                          0x08000255   Thumb Code     0  memseta.o(.text)
    __aeabi_memclr8                          0x08000255   Thumb Code     0  memseta.o(.text)
    _memset$wrapper                          0x08000259   Thumb Code    18  memseta.o(.text)
    strlen                                   0x0800026b   Thumb Code    14  strlen.o(.text)
    __aeabi_llsl                             0x08000279   Thumb Code    30  llshl.o(.text)
    _ll_shift_l                              0x08000279   Thumb Code     0  llshl.o(.text)
    __aeabi_llsr                             0x08000297   Thumb Code    32  llushr.o(.text)
    _ll_ushift_r                             0x08000297   Thumb Code     0  llushr.o(.text)
    __scatterload                            0x080002b9   Thumb Code    28  init.o(.text)
    __scatterload_rt2                        0x080002b9   Thumb Code     0  init.o(.text)
    BusFault_Handler                         0x080002dd   Thumb Code     2  stm32f4xx_it.o(i.BusFault_Handler)
    DebugMon_Handler                         0x08000331   Thumb Code     2  stm32f4xx_it.o(i.DebugMon_Handler)
    Error_Handler                            0x08000333   Thumb Code     2  main.o(i.Error_Handler)
    FATFS_LinkDriver                         0x08000335   Thumb Code     6  ff_gen_drv.o(i.FATFS_LinkDriver)
    FATFS_LinkDriverEx                       0x0800033d   Thumb Code    58  ff_gen_drv.o(i.FATFS_LinkDriverEx)
    HAL_DMA_Abort_IT                         0x0800037d   Thumb Code    36  stm32f4xx_hal_dma.o(i.HAL_DMA_Abort_IT)
    HAL_Delay                                0x080003a1   Thumb Code    32  stm32f4xx_hal.o(i.HAL_Delay)
    HAL_GPIO_Init                            0x080003c5   Thumb Code   394  stm32f4xx_hal_gpio.o(i.HAL_GPIO_Init)
    HAL_GPIO_WritePin                        0x0800057d   Thumb Code    10  stm32f4xx_hal_gpio.o(i.HAL_GPIO_WritePin)
    HAL_GetTick                              0x08000589   Thumb Code     6  stm32f4xx_hal.o(i.HAL_GetTick)
    HAL_HCD_Connect_Callback                 0x08000595   Thumb Code     8  usbh_conf.o(i.HAL_HCD_Connect_Callback)
    HAL_HCD_Disconnect_Callback              0x0800059d   Thumb Code     8  usbh_conf.o(i.HAL_HCD_Disconnect_Callback)
    HAL_HCD_GetCurrentFrame                  0x080005a5   Thumb Code     6  stm32f4xx_hal_hcd.o(i.HAL_HCD_GetCurrentFrame)
    HAL_HCD_GetCurrentSpeed                  0x080005ab   Thumb Code     6  stm32f4xx_hal_hcd.o(i.HAL_HCD_GetCurrentSpeed)
    HAL_HCD_HC_GetURBState                   0x080005b1   Thumb Code    14  stm32f4xx_hal_hcd.o(i.HAL_HCD_HC_GetURBState)
    HAL_HCD_HC_GetXferCount                  0x080005bf   Thumb Code    12  stm32f4xx_hal_hcd.o(i.HAL_HCD_HC_GetXferCount)
    HAL_HCD_HC_Halt                          0x080005cb   Thumb Code    36  stm32f4xx_hal_hcd.o(i.HAL_HCD_HC_Halt)
    HAL_HCD_HC_Init                          0x080005ef   Thumb Code   114  stm32f4xx_hal_hcd.o(i.HAL_HCD_HC_Init)
    HAL_HCD_HC_NotifyURBChange_Callback      0x08000661   Thumb Code     2  usbh_conf.o(i.HAL_HCD_HC_NotifyURBChange_Callback)
    HAL_HCD_HC_SubmitRequest                 0x08000663   Thumb Code   142  stm32f4xx_hal_hcd.o(i.HAL_HCD_HC_SubmitRequest)
    HAL_HCD_IRQHandler                       0x080006f1   Thumb Code   306  stm32f4xx_hal_hcd.o(i.HAL_HCD_IRQHandler)
    HAL_HCD_Init                             0x08000823   Thumb Code   114  stm32f4xx_hal_hcd.o(i.HAL_HCD_Init)
    HAL_HCD_MspInit                          0x08000895   Thumb Code   122  usbh_conf.o(i.HAL_HCD_MspInit)
    HAL_HCD_PortDisabled_Callback            0x08000919   Thumb Code     8  usbh_conf.o(i.HAL_HCD_PortDisabled_Callback)
    HAL_HCD_PortEnabled_Callback             0x08000921   Thumb Code     8  usbh_conf.o(i.HAL_HCD_PortEnabled_Callback)
    HAL_HCD_ResetPort                        0x08000929   Thumb Code     6  stm32f4xx_hal_hcd.o(i.HAL_HCD_ResetPort)
    HAL_HCD_SOF_Callback                     0x0800092f   Thumb Code     8  usbh_conf.o(i.HAL_HCD_SOF_Callback)
    HAL_HCD_Start                            0x08000937   Thumb Code    44  stm32f4xx_hal_hcd.o(i.HAL_HCD_Start)
    HAL_HCD_Stop                             0x08000963   Thumb Code    36  stm32f4xx_hal_hcd.o(i.HAL_HCD_Stop)
    HAL_IncTick                              0x08000989   Thumb Code    12  stm32f4xx_hal.o(i.HAL_IncTick)
    HAL_Init                                 0x08000999   Thumb Code    48  stm32f4xx_hal.o(i.HAL_Init)
    HAL_InitTick                             0x080009cd   Thumb Code    54  stm32f4xx_hal.o(i.HAL_InitTick)
    HAL_MspInit                              0x08000a0d   Thumb Code    42  stm32f4xx_hal_msp.o(i.HAL_MspInit)
    HAL_NVIC_EnableIRQ                       0x08000a3d   Thumb Code    26  stm32f4xx_hal_cortex.o(i.HAL_NVIC_EnableIRQ)
    HAL_NVIC_SetPriority                     0x08000a59   Thumb Code    60  stm32f4xx_hal_cortex.o(i.HAL_NVIC_SetPriority)
    HAL_NVIC_SetPriorityGrouping             0x08000a99   Thumb Code    26  stm32f4xx_hal_cortex.o(i.HAL_NVIC_SetPriorityGrouping)
    HAL_RCC_ClockConfig                      0x08000abd   Thumb Code   288  stm32f4xx_hal_rcc.o(i.HAL_RCC_ClockConfig)
    HAL_RCC_GetPCLK1Freq                     0x08000bf1   Thumb Code    20  stm32f4xx_hal_rcc.o(i.HAL_RCC_GetPCLK1Freq)
    HAL_RCC_GetPCLK2Freq                     0x08000c11   Thumb Code    20  stm32f4xx_hal_rcc.o(i.HAL_RCC_GetPCLK2Freq)
    HAL_RCC_GetSysClockFreq                  0x08000c31   Thumb Code    88  stm32f4xx_hal_rcc.o(i.HAL_RCC_GetSysClockFreq)
    HAL_RCC_OscConfig                        0x08000c91   Thumb Code   834  stm32f4xx_hal_rcc.o(i.HAL_RCC_OscConfig)
    HAL_SYSTICK_Config                       0x08000fed   Thumb Code    40  stm32f4xx_hal_cortex.o(i.HAL_SYSTICK_Config)
    HAL_UART_ErrorCallback                   0x08001015   Thumb Code     2  stm32f4xx_hal_uart.o(i.HAL_UART_ErrorCallback)
    HAL_UART_IRQHandler                      0x08001019   Thumb Code   270  stm32f4xx_hal_uart.o(i.HAL_UART_IRQHandler)
    HAL_UART_Init                            0x0800112d   Thumb Code    98  stm32f4xx_hal_uart.o(i.HAL_UART_Init)
    HAL_UART_MspInit                         0x08001191   Thumb Code   108  stm32f4xx_hal_msp.o(i.HAL_UART_MspInit)
    HAL_UART_Receive_IT                      0x08001209   Thumb Code    82  stm32f4xx_hal_uart.o(i.HAL_UART_Receive_IT)
    HAL_UART_RxCpltCallback                  0x0800125d   Thumb Code    78  main.o(i.HAL_UART_RxCpltCallback)
    HAL_UART_Transmit                        0x080012bd   Thumb Code   186  stm32f4xx_hal_uart.o(i.HAL_UART_Transmit)
    HAL_UART_TxCpltCallback                  0x08001377   Thumb Code     2  stm32f4xx_hal_uart.o(i.HAL_UART_TxCpltCallback)
    HardFault_Handler                        0x08001911   Thumb Code     2  stm32f4xx_it.o(i.HardFault_Handler)
    MX_FATFS_Init                            0x08001915   Thumb Code    18  fatfs.o(i.MX_FATFS_Init)
    MX_USB_HOST_Init                         0x080019a1   Thumb Code    52  usb_host.o(i.MX_USB_HOST_Init)
    MX_USB_HOST_Process                      0x080019e1   Thumb Code     6  usb_host.o(i.MX_USB_HOST_Process)
    MemManage_Handler                        0x080019ed   Thumb Code     2  stm32f4xx_it.o(i.MemManage_Handler)
    NMI_Handler                              0x080019ef   Thumb Code     2  stm32f4xx_it.o(i.NMI_Handler)
    OTG_FS_IRQHandler                        0x080019f1   Thumb Code     6  stm32f4xx_it.o(i.OTG_FS_IRQHandler)
    PendSV_Handler                           0x080019fd   Thumb Code     2  stm32f4xx_it.o(i.PendSV_Handler)
    SVC_Handler                              0x080019ff   Thumb Code     2  stm32f4xx_it.o(i.SVC_Handler)
    SysTick_Handler                          0x08001a01   Thumb Code     4  stm32f4xx_it.o(i.SysTick_Handler)
    SystemClock_Config                       0x08001a05   Thumb Code   124  main.o(i.SystemClock_Config)
    SystemInit                               0x08001a89   Thumb Code    22  system_stm32f4xx.o(i.SystemInit)
    USART2_IRQHandler                        0x08001d59   Thumb Code     6  stm32f4xx_it.o(i.USART2_IRQHandler)
    USBH_AllocPipe                           0x08001d65   Thumb Code    60  usbh_pipes.o(i.USBH_AllocPipe)
    USBH_BulkReceiveData                     0x08001da1   Thumb Code    32  usbh_ioreq.o(i.USBH_BulkReceiveData)
    USBH_BulkSendData                        0x08001dc1   Thumb Code    42  usbh_ioreq.o(i.USBH_BulkSendData)
    USBH_ClosePipe                           0x08001deb   Thumb Code    10  usbh_pipes.o(i.USBH_ClosePipe)
    USBH_ClrFeature                          0x08001df5   Thumb Code    30  usbh_ctlreq.o(i.USBH_ClrFeature)
    USBH_CtlReceiveData                      0x08001e13   Thumb Code    30  usbh_ioreq.o(i.USBH_CtlReceiveData)
    USBH_CtlReq                              0x08001e31   Thumb Code    58  usbh_ctlreq.o(i.USBH_CtlReq)
    USBH_CtlSendData                         0x08001e6b   Thumb Code    42  usbh_ioreq.o(i.USBH_CtlSendData)
    USBH_CtlSendSetup                        0x08001e95   Thumb Code    30  usbh_ioreq.o(i.USBH_CtlSendSetup)
    USBH_Delay                               0x08001eb3   Thumb Code     4  usbh_conf.o(i.USBH_Delay)
    USBH_FindInterface                       0x08001eb7   Thumb Code    68  usbh_core.o(i.USBH_FindInterface)
    USBH_FreePipe                            0x08001efb   Thumb Code    28  usbh_pipes.o(i.USBH_FreePipe)
    USBH_GetDescriptor                       0x08001f17   Thumb Code    52  usbh_ctlreq.o(i.USBH_GetDescriptor)
    USBH_GetNextDesc                         0x08001f4b   Thumb Code    14  usbh_ctlreq.o(i.USBH_GetNextDesc)
    USBH_Get_CfgDesc                         0x08001f59   Thumb Code    46  usbh_ctlreq.o(i.USBH_Get_CfgDesc)
    USBH_Get_DevDesc                         0x08001f87   Thumb Code   124  usbh_ctlreq.o(i.USBH_Get_DevDesc)
    USBH_Get_StringDesc                      0x08002003   Thumb Code    72  usbh_ctlreq.o(i.USBH_Get_StringDesc)
    USBH_Get_USB_Status                      0x0800204b   Thumb Code    24  usbh_conf.o(i.USBH_Get_USB_Status)
    USBH_Init                                0x0800230b   Thumb Code    52  usbh_core.o(i.USBH_Init)
    USBH_LL_ClosePipe                        0x0800233f   Thumb Code    22  usbh_conf.o(i.USBH_LL_ClosePipe)
    USBH_LL_Connect                          0x08002355   Thumb Code    46  usbh_core.o(i.USBH_LL_Connect)
    USBH_LL_Disconnect                       0x08002383   Thumb Code    60  usbh_core.o(i.USBH_LL_Disconnect)
    USBH_LL_DriverVBUS                       0x080023bf   Thumb Code    12  usbh_conf.o(i.USBH_LL_DriverVBUS)
    USBH_LL_GetLastXferSize                  0x080023cb   Thumb Code    12  usbh_conf.o(i.USBH_LL_GetLastXferSize)
    USBH_LL_GetSpeed                         0x080023d7   Thumb Code    38  usbh_conf.o(i.USBH_LL_GetSpeed)
    USBH_LL_GetToggle                        0x080023fd   Thumb Code    34  usbh_conf.o(i.USBH_LL_GetToggle)
    USBH_LL_GetURBState                      0x0800241f   Thumb Code    12  usbh_conf.o(i.USBH_LL_GetURBState)
    USBH_LL_IncTimer                         0x0800242b   Thumb Code    34  usbh_core.o(i.USBH_LL_IncTimer)
    USBH_LL_Init                             0x0800244d   Thumb Code    78  usbh_conf.o(i.USBH_LL_Init)
    USBH_LL_OpenPipe                         0x080024a1   Thumb Code    32  usbh_conf.o(i.USBH_LL_OpenPipe)
    USBH_LL_PortDisabled                     0x080024c1   Thumb Code    12  usbh_core.o(i.USBH_LL_PortDisabled)
    USBH_LL_PortEnabled                      0x080024cd   Thumb Code    12  usbh_core.o(i.USBH_LL_PortEnabled)
    USBH_LL_ResetPort                        0x080024d9   Thumb Code    22  usbh_conf.o(i.USBH_LL_ResetPort)
    USBH_LL_SetTimer                         0x080024ef   Thumb Code    10  usbh_core.o(i.USBH_LL_SetTimer)
    USBH_LL_SetToggle                        0x080024f9   Thumb Code    36  usbh_conf.o(i.USBH_LL_SetToggle)
    USBH_LL_Start                            0x0800251d   Thumb Code    22  usbh_conf.o(i.USBH_LL_Start)
    USBH_LL_Stop                             0x08002533   Thumb Code    22  usbh_conf.o(i.USBH_LL_Stop)
    USBH_LL_SubmitURB                        0x08002549   Thumb Code    38  usbh_conf.o(i.USBH_LL_SubmitURB)
    USBH_MSC_BOT_Init                        0x08002591   Thumb Code    30  usbh_msc_bot.o(i.USBH_MSC_BOT_Init)
    USBH_MSC_BOT_Process                     0x080025b9   Thumb Code   468  usbh_msc_bot.o(i.USBH_MSC_BOT_Process)
    USBH_MSC_BOT_REQ_GetMaxLUN               0x08002791   Thumb Code    22  usbh_msc_bot.o(i.USBH_MSC_BOT_REQ_GetMaxLUN)
    USBH_MSC_BOT_REQ_Reset                   0x080027a7   Thumb Code    22  usbh_msc_bot.o(i.USBH_MSC_BOT_REQ_Reset)
    USBH_MSC_GetLUNInfo                      0x08002835   Thumb Code    48  usbh_msc.o(i.USBH_MSC_GetLUNInfo)
    USBH_MSC_Read                            0x08002d23   Thumb Code   142  usbh_msc.o(i.USBH_MSC_Read)
    USBH_MSC_SCSI_Inquiry                    0x08002db1   Thumb Code   214  usbh_msc_scsi.o(i.USBH_MSC_SCSI_Inquiry)
    USBH_MSC_SCSI_Read                       0x08002e87   Thumb Code   130  usbh_msc_scsi.o(i.USBH_MSC_SCSI_Read)
    USBH_MSC_SCSI_ReadCapacity               0x08002f09   Thumb Code   124  usbh_msc_scsi.o(i.USBH_MSC_SCSI_ReadCapacity)
    USBH_MSC_SCSI_RequestSense               0x08002f85   Thumb Code   148  usbh_msc_scsi.o(i.USBH_MSC_SCSI_RequestSense)
    USBH_MSC_SCSI_TestUnitReady              0x08003019   Thumb Code    78  usbh_msc_scsi.o(i.USBH_MSC_SCSI_TestUnitReady)
    USBH_MSC_SCSI_Write                      0x08003067   Thumb Code   130  usbh_msc_scsi.o(i.USBH_MSC_SCSI_Write)
    USBH_MSC_UnitIsReady                     0x080030ed   Thumb Code    40  usbh_msc.o(i.USBH_MSC_UnitIsReady)
    USBH_MSC_Write                           0x08003115   Thumb Code   142  usbh_msc.o(i.USBH_MSC_Write)
    USBH_OpenPipe                            0x080031a3   Thumb Code    20  usbh_pipes.o(i.USBH_OpenPipe)
    USBH_Process                             0x08003293   Thumb Code   426  usbh_core.o(i.USBH_Process)
    USBH_RegisterClass                       0x0800343d   Thumb Code    36  usbh_core.o(i.USBH_RegisterClass)
    USBH_SelectInterface                     0x08003461   Thumb Code    26  usbh_core.o(i.USBH_SelectInterface)
    USBH_SetAddress                          0x0800347b   Thumb Code    28  usbh_ctlreq.o(i.USBH_SetAddress)
    USBH_SetCfg                              0x08003497   Thumb Code    28  usbh_ctlreq.o(i.USBH_SetCfg)
    USBH_SetFeature                          0x080034b3   Thumb Code    28  usbh_ctlreq.o(i.USBH_SetFeature)
    USBH_Start                               0x080034cf   Thumb Code    20  usbh_core.o(i.USBH_Start)
    USBH_initialize                          0x08003505   Thumb Code     4  usbh_diskio.o(i.USBH_initialize)
    USBH_ioctl                               0x08003509   Thumb Code    96  usbh_diskio.o(i.USBH_ioctl)
    USBH_read                                0x0800356d   Thumb Code    62  usbh_diskio.o(i.USBH_read)
    USBH_status                              0x080035b1   Thumb Code    20  usbh_diskio.o(i.USBH_status)
    USBH_write                               0x080035c9   Thumb Code    70  usbh_diskio.o(i.USBH_write)
    USB_CoreInit                             0x08003615   Thumb Code   112  stm32f4xx_ll_usb.o(i.USB_CoreInit)
    USB_DisableGlobalInt                     0x080036c1   Thumb Code    12  stm32f4xx_ll_usb.o(i.USB_DisableGlobalInt)
    USB_DoPing                               0x080036cd   Thumb Code    30  stm32f4xx_ll_usb.o(i.USB_DoPing)
    USB_DriveVbus                            0x080036f1   Thumb Code    44  stm32f4xx_ll_usb.o(i.USB_DriveVbus)
    USB_EnableGlobalInt                      0x0800371d   Thumb Code    12  stm32f4xx_ll_usb.o(i.USB_EnableGlobalInt)
    USB_FlushRxFifo                          0x08003729   Thumb Code    28  stm32f4xx_ll_usb.o(i.USB_FlushRxFifo)
    USB_FlushTxFifo                          0x08003749   Thumb Code    32  stm32f4xx_ll_usb.o(i.USB_FlushTxFifo)
    USB_GetCurrentFrame                      0x0800376d   Thumb Code     8  stm32f4xx_ll_usb.o(i.USB_GetCurrentFrame)
    USB_GetHostSpeed                         0x08003775   Thumb Code    14  stm32f4xx_ll_usb.o(i.USB_GetHostSpeed)
    USB_GetMode                              0x08003783   Thumb Code     8  stm32f4xx_ll_usb.o(i.USB_GetMode)
    USB_HC_Halt                              0x0800378b   Thumb Code   194  stm32f4xx_ll_usb.o(i.USB_HC_Halt)
    USB_HC_Init                              0x0800384d   Thumb Code   240  stm32f4xx_ll_usb.o(i.USB_HC_Init)
    USB_HC_ReadInterrupt                     0x0800393d   Thumb Code     8  stm32f4xx_ll_usb.o(i.USB_HC_ReadInterrupt)
    USB_HC_StartXfer                         0x08003945   Thumb Code   330  stm32f4xx_ll_usb.o(i.USB_HC_StartXfer)
    USB_HostInit                             0x08003a95   Thumb Code   194  stm32f4xx_ll_usb.o(i.USB_HostInit)
    USB_InitFSLSPClkSel                      0x08003b6d   Thumb Code    54  stm32f4xx_ll_usb.o(i.USB_InitFSLSPClkSel)
    USB_ReadInterrupts                       0x08003ba3   Thumb Code     8  stm32f4xx_ll_usb.o(i.USB_ReadInterrupts)
    USB_ReadPacket                           0x08003bab   Thumb Code    28  stm32f4xx_ll_usb.o(i.USB_ReadPacket)
    USB_ResetPort                            0x08003bc7   Thumb Code    50  stm32f4xx_ll_usb.o(i.USB_ResetPort)
    USB_SetCurrentMode                       0x08003bf9   Thumb Code    46  stm32f4xx_ll_usb.o(i.USB_SetCurrentMode)
    USB_StopHost                             0x08003c29   Thumb Code   126  stm32f4xx_ll_usb.o(i.USB_StopHost)
    USB_WritePacket                          0x08003ca7   Thumb Code    36  stm32f4xx_ll_usb.o(i.USB_WritePacket)
    UsageFault_Handler                       0x08003ccb   Thumb Code     2  stm32f4xx_it.o(i.UsageFault_Handler)
    __0printf$2                              0x08003ccd   Thumb Code    22  printf2.o(i.__0printf$2)
    __1printf$2                              0x08003ccd   Thumb Code     0  printf2.o(i.__0printf$2)
    __2printf                                0x08003ccd   Thumb Code     0  printf2.o(i.__0printf$2)
    __0sprintf$2                             0x08003ced   Thumb Code    34  printf2.o(i.__0sprintf$2)
    __1sprintf$2                             0x08003ced   Thumb Code     0  printf2.o(i.__0sprintf$2)
    __2sprintf                               0x08003ced   Thumb Code     0  printf2.o(i.__0sprintf$2)
    __scatterload_copy                       0x08003d35   Thumb Code    14  handlers.o(i.__scatterload_copy)
    __scatterload_null                       0x08003d43   Thumb Code     2  handlers.o(i.__scatterload_null)
    __scatterload_zeroinit                   0x08003d45   Thumb Code    14  handlers.o(i.__scatterload_zeroinit)
    disk_initialize                          0x08004391   Thumb Code    36  diskio.o(i.disk_initialize)
    disk_ioctl                               0x080043b9   Thumb Code    24  diskio.o(i.disk_ioctl)
    disk_read                                0x080043d5   Thumb Code    24  diskio.o(i.disk_read)
    disk_status                              0x080043f1   Thumb Code    18  diskio.o(i.disk_status)
    disk_write                               0x08004409   Thumb Code    24  diskio.o(i.disk_write)
    f_close                                  0x08004425   Thumb Code    40  ff.o(i.f_close)
    f_closedir                               0x0800444d   Thumb Code    34  ff.o(i.f_closedir)
    f_lseek                                  0x0800446f   Thumb Code   530  ff.o(i.f_lseek)
    f_mount                                  0x08004681   Thumb Code    84  ff.o(i.f_mount)
    f_open                                   0x080046d9   Thumb Code   520  ff.o(i.f_open)
    f_opendir                                0x080048e5   Thumb Code   130  ff.o(i.f_opendir)
    f_read                                   0x08004967   Thumb Code   338  ff.o(i.f_read)
    f_readdir                                0x08004ab9   Thumb Code    64  ff.o(i.f_readdir)
    f_sync                                   0x08004af9   Thumb Code   142  ff.o(i.f_sync)
    fputc                                    0x08004e51   Thumb Code    18  main.o(i.fputc)
    free                                     0x08004e69   Thumb Code    76  malloc.o(i.free)
    getFileName                              0x08004eb9   Thumb Code    40  main.o(i.getFileName)
    get_fattime                              0x08004fb1   Thumb Code     4  fatfs.o(i.get_fattime)
    main                                     0x0800511d   Thumb Code   228  main.o(i.main)
    malloc                                   0x08005239   Thumb Code    92  malloc.o(i.malloc)
    scan_files                               0x08005459   Thumb Code   128  main.o(i.scan_files)
    USBH_Driver                              0x08005634   Data          20  usbh_diskio.o(.constdata)
    AHBPrescTable                            0x08005648   Data          16  system_stm32f4xx.o(.constdata)
    APBPrescTable                            0x08005658   Data           8  system_stm32f4xx.o(.constdata)
    Region$$Table$$Base                      0x08005700   Number         0  anon$$obj.o(Region$$Table)
    Region$$Table$$Limit                     0x08005720   Number         0  anon$$obj.o(Region$$Table)
    fresult                                  0x20000000   Data           1  main.o(.data)
    vrRx                                     0x20000001   Data           1  main.o(.data)
    flag                                     0x20000002   Data           1  main.o(.data)
    flag2                                    0x20000003   Data           1  main.o(.data)
    e                                        0x20000004   Data           4  main.o(.data)
    USBDISKPath                              0x20000008   Data           4  main.o(.data)
    byte_read                                0x2000000c   Data           4  main.o(.data)
    retUSBH                                  0x20000010   Data           1  fatfs.o(.data)
    USBHPath                                 0x20000011   Data           4  fatfs.o(.data)
    Appli_state                              0x20000015   Data           1  usb_host.o(.data)
    uwTickFreq                               0x2000001c   Data           1  stm32f4xx_hal.o(.data)
    uwTickPrio                               0x20000020   Data           4  stm32f4xx_hal.o(.data)
    uwTick                                   0x20000024   Data           4  stm32f4xx_hal.o(.data)
    SystemCoreClock                          0x20000028   Data           4  system_stm32f4xx.o(.data)
    USBH_msc                                 0x20000034   Data          32  usbh_msc.o(.data)
    __stdout                                 0x20000054   Data           4  stdout.o(.data)
    __microlib_freelist                      0x20000058   Data           4  mvars.o(.data)
    __microlib_freelist_initialised          0x2000005c   Data           4  mvars.o(.data)
    USBDISKFatFs                             0x20000078   Data        4144  main.o(.bss)
    MyFile                                   0x200010a8   Data        4144  main.o(.bss)
    Rx_data                                  0x200020d8   Data          13  main.o(.bss)
    Data_Rx_Buffer                           0x200020e5   Data        3000  main.o(.bss)
    Data_Buff                                0x20002c9d   Data         500  main.o(.bss)
    ALL_NameFile                             0x20002e91   Data         500  main.o(.bss)
    huart2                                   0x20003088   Data          64  main.o(.bss)
    hUsbHostFS                               0x200030c8   Data        4556  usb_host.o(.bss)
    hhcd_USB_OTG_FS                          0x20004294   Data         708  usbh_conf.o(.bss)
    disk                                     0x20004578   Data          12  ff_gen_drv.o(.bss)
    __heap_base                              0x20004588   Data           0  startup_stm32f407xx.o(HEAP)
    __heap_limit                             0x20006588   Data           0  startup_stm32f407xx.o(HEAP)
    __initial_sp                             0x2000a588   Data           0  startup_stm32f407xx.o(STACK)



==============================================================================

Memory Map of the image

  Image Entry point : 0x08000189

  Load Region LR_IROM1 (Base: 0x08000000, Size: 0x00005780, Max: 0x00100000, ABSOLUTE)

    Execution Region ER_IROM1 (Exec base: 0x08000000, Load base: 0x08000000, Size: 0x00005720, Max: 0x00100000, ABSOLUTE)

    Exec Addr    Load Addr    Size         Type   Attr      Idx    E Section Name        Object

    0x08000000   0x08000000   0x00000188   Data   RO            3    RESET               startup_stm32f407xx.o
    0x08000188   0x08000188   0x00000000   Code   RO         3704  * .ARM.Collect$$$$00000000  mc_w.l(entry.o)
    0x08000188   0x08000188   0x00000004   Code   RO         4006    .ARM.Collect$$$$00000001  mc_w.l(entry2.o)
    0x0800018c   0x0800018c   0x00000004   Code   RO         4009    .ARM.Collect$$$$00000004  mc_w.l(entry5.o)
    0x08000190   0x08000190   0x00000000   Code   RO         4011    .ARM.Collect$$$$00000008  mc_w.l(entry7b.o)
    0x08000190   0x08000190   0x00000000   Code   RO         4013    .ARM.Collect$$$$0000000A  mc_w.l(entry8b.o)
    0x08000190   0x08000190   0x00000008   Code   RO         4014    .ARM.Collect$$$$0000000B  mc_w.l(entry9a.o)
    0x08000198   0x08000198   0x00000000   Code   RO         4016    .ARM.Collect$$$$0000000D  mc_w.l(entry10a.o)
    0x08000198   0x08000198   0x00000000   Code   RO         4018    .ARM.Collect$$$$0000000F  mc_w.l(entry11a.o)
    0x08000198   0x08000198   0x00000004   Code   RO         4007    .ARM.Collect$$$$00002712  mc_w.l(entry2.o)
    0x0800019c   0x0800019c   0x00000024   Code   RO            4    .text               startup_stm32f407xx.o
    0x080001c0   0x080001c0   0x00000062   Code   RO         3707    .text               mc_w.l(uldiv.o)
    0x08000222   0x08000222   0x00000024   Code   RO         3709    .text               mc_w.l(memcpya.o)
    0x08000246   0x08000246   0x00000024   Code   RO         3711    .text               mc_w.l(memseta.o)
    0x0800026a   0x0800026a   0x0000000e   Code   RO         3713    .text               mc_w.l(strlen.o)
    0x08000278   0x08000278   0x0000001e   Code   RO         4023    .text               mc_w.l(llshl.o)
    0x08000296   0x08000296   0x00000020   Code   RO         4025    .text               mc_w.l(llushr.o)
    0x080002b6   0x080002b6   0x00000002   PAD
    0x080002b8   0x080002b8   0x00000024   Code   RO         4040    .text               mc_w.l(init.o)
    0x080002dc   0x080002dc   0x00000002   Code   RO          554    i.BusFault_Handler  stm32f4xx_it.o
    0x080002de   0x080002de   0x00000002   PAD
    0x080002e0   0x080002e0   0x00000050   Code   RO         3173    i.DeInitStateMachine  usbh_core.o
    0x08000330   0x08000330   0x00000002   Code   RO          555    i.DebugMon_Handler  stm32f4xx_it.o
    0x08000332   0x08000332   0x00000002   Code   RO           13    i.Error_Handler     main.o
    0x08000334   0x08000334   0x00000006   Code   RO         3099    i.FATFS_LinkDriver  ff_gen_drv.o
    0x0800033a   0x0800033a   0x00000002   PAD
    0x0800033c   0x0800033c   0x00000040   Code   RO         3100    i.FATFS_LinkDriverEx  ff_gen_drv.o
    0x0800037c   0x0800037c   0x00000024   Code   RO         1979    i.HAL_DMA_Abort_IT  stm32f4xx_hal_dma.o
    0x080003a0   0x080003a0   0x00000024   Code   RO         2397    i.HAL_Delay         stm32f4xx_hal.o
    0x080003c4   0x080003c4   0x000001b8   Code   RO         1871    i.HAL_GPIO_Init     stm32f4xx_hal_gpio.o
    0x0800057c   0x0800057c   0x0000000a   Code   RO         1875    i.HAL_GPIO_WritePin  stm32f4xx_hal_gpio.o
    0x08000586   0x08000586   0x00000002   PAD
    0x08000588   0x08000588   0x0000000c   Code   RO         2403    i.HAL_GetTick       stm32f4xx_hal.o
    0x08000594   0x08000594   0x00000008   Code   RO          376    i.HAL_HCD_Connect_Callback  usbh_conf.o
    0x0800059c   0x0800059c   0x00000008   Code   RO          377    i.HAL_HCD_Disconnect_Callback  usbh_conf.o
    0x080005a4   0x080005a4   0x00000006   Code   RO          681    i.HAL_HCD_GetCurrentFrame  stm32f4xx_hal_hcd.o
    0x080005aa   0x080005aa   0x00000006   Code   RO          682    i.HAL_HCD_GetCurrentSpeed  stm32f4xx_hal_hcd.o
    0x080005b0   0x080005b0   0x0000000e   Code   RO          685    i.HAL_HCD_HC_GetURBState  stm32f4xx_hal_hcd.o
    0x080005be   0x080005be   0x0000000c   Code   RO          686    i.HAL_HCD_HC_GetXferCount  stm32f4xx_hal_hcd.o
    0x080005ca   0x080005ca   0x00000024   Code   RO          687    i.HAL_HCD_HC_Halt   stm32f4xx_hal_hcd.o
    0x080005ee   0x080005ee   0x00000072   Code   RO          688    i.HAL_HCD_HC_Init   stm32f4xx_hal_hcd.o
    0x08000660   0x08000660   0x00000002   Code   RO          378    i.HAL_HCD_HC_NotifyURBChange_Callback  usbh_conf.o
    0x08000662   0x08000662   0x0000008e   Code   RO          690    i.HAL_HCD_HC_SubmitRequest  stm32f4xx_hal_hcd.o
    0x080006f0   0x080006f0   0x00000132   Code   RO          691    i.HAL_HCD_IRQHandler  stm32f4xx_hal_hcd.o
    0x08000822   0x08000822   0x00000072   Code   RO          692    i.HAL_HCD_Init      stm32f4xx_hal_hcd.o
    0x08000894   0x08000894   0x00000084   Code   RO          380    i.HAL_HCD_MspInit   usbh_conf.o
    0x08000918   0x08000918   0x00000008   Code   RO          381    i.HAL_HCD_PortDisabled_Callback  usbh_conf.o
    0x08000920   0x08000920   0x00000008   Code   RO          382    i.HAL_HCD_PortEnabled_Callback  usbh_conf.o
    0x08000928   0x08000928   0x00000006   Code   RO          697    i.HAL_HCD_ResetPort  stm32f4xx_hal_hcd.o
    0x0800092e   0x0800092e   0x00000008   Code   RO          383    i.HAL_HCD_SOF_Callback  usbh_conf.o
    0x08000936   0x08000936   0x0000002c   Code   RO          699    i.HAL_HCD_Start     stm32f4xx_hal_hcd.o
    0x08000962   0x08000962   0x00000024   Code   RO          700    i.HAL_HCD_Stop      stm32f4xx_hal_hcd.o
    0x08000986   0x08000986   0x00000002   PAD
    0x08000988   0x08000988   0x00000010   Code   RO         2409    i.HAL_IncTick       stm32f4xx_hal.o
    0x08000998   0x08000998   0x00000034   Code   RO         2410    i.HAL_Init          stm32f4xx_hal.o
    0x080009cc   0x080009cc   0x00000040   Code   RO         2411    i.HAL_InitTick      stm32f4xx_hal.o
    0x08000a0c   0x08000a0c   0x00000030   Code   RO          642    i.HAL_MspInit       stm32f4xx_hal_msp.o
    0x08000a3c   0x08000a3c   0x0000001a   Code   RO         2260    i.HAL_NVIC_EnableIRQ  stm32f4xx_hal_cortex.o
    0x08000a56   0x08000a56   0x00000002   PAD
    0x08000a58   0x08000a58   0x00000040   Code   RO         2266    i.HAL_NVIC_SetPriority  stm32f4xx_hal_cortex.o
    0x08000a98   0x08000a98   0x00000024   Code   RO         2267    i.HAL_NVIC_SetPriorityGrouping  stm32f4xx_hal_cortex.o
    0x08000abc   0x08000abc   0x00000134   Code   RO         1517    i.HAL_RCC_ClockConfig  stm32f4xx_hal_rcc.o
    0x08000bf0   0x08000bf0   0x00000020   Code   RO         1524    i.HAL_RCC_GetPCLK1Freq  stm32f4xx_hal_rcc.o
    0x08000c10   0x08000c10   0x00000020   Code   RO         1525    i.HAL_RCC_GetPCLK2Freq  stm32f4xx_hal_rcc.o
    0x08000c30   0x08000c30   0x00000060   Code   RO         1526    i.HAL_RCC_GetSysClockFreq  stm32f4xx_hal_rcc.o
    0x08000c90   0x08000c90   0x0000035c   Code   RO         1529    i.HAL_RCC_OscConfig  stm32f4xx_hal_rcc.o
    0x08000fec   0x08000fec   0x00000028   Code   RO         2271    i.HAL_SYSTICK_Config  stm32f4xx_hal_cortex.o
    0x08001014   0x08001014   0x00000002   Code   RO         1211    i.HAL_UART_ErrorCallback  stm32f4xx_hal_uart.o
    0x08001016   0x08001016   0x00000002   PAD
    0x08001018   0x08001018   0x00000114   Code   RO         1214    i.HAL_UART_IRQHandler  stm32f4xx_hal_uart.o
    0x0800112c   0x0800112c   0x00000062   Code   RO         1215    i.HAL_UART_Init     stm32f4xx_hal_uart.o
    0x0800118e   0x0800118e   0x00000002   PAD
    0x08001190   0x08001190   0x00000078   Code   RO          644    i.HAL_UART_MspInit  stm32f4xx_hal_msp.o
    0x08001208   0x08001208   0x00000052   Code   RO         1220    i.HAL_UART_Receive_IT  stm32f4xx_hal_uart.o
    0x0800125a   0x0800125a   0x00000002   PAD
    0x0800125c   0x0800125c   0x00000060   Code   RO           14    i.HAL_UART_RxCpltCallback  main.o
    0x080012bc   0x080012bc   0x000000ba   Code   RO         1223    i.HAL_UART_Transmit  stm32f4xx_hal_uart.o
    0x08001376   0x08001376   0x00000002   Code   RO         1226    i.HAL_UART_TxCpltCallback  stm32f4xx_hal_uart.o
    0x08001378   0x08001378   0x0000022c   Code   RO          701    i.HCD_HC_IN_IRQHandler  stm32f4xx_hal_hcd.o
    0x080015a4   0x080015a4   0x00000244   Code   RO          702    i.HCD_HC_OUT_IRQHandler  stm32f4xx_hal_hcd.o
    0x080017e8   0x080017e8   0x000000b8   Code   RO          703    i.HCD_Port_IRQHandler  stm32f4xx_hal_hcd.o
    0x080018a0   0x080018a0   0x00000070   Code   RO          704    i.HCD_RXQLVL_IRQHandler  stm32f4xx_hal_hcd.o
    0x08001910   0x08001910   0x00000002   Code   RO          556    i.HardFault_Handler  stm32f4xx_it.o
    0x08001912   0x08001912   0x00000002   PAD
    0x08001914   0x08001914   0x0000001c   Code   RO          299    i.MX_FATFS_Init     fatfs.o
    0x08001930   0x08001930   0x00000070   Code   RO           15    i.MX_GPIO_Init      main.o
    0x080019a0   0x080019a0   0x00000040   Code   RO          337    i.MX_USB_HOST_Init  usb_host.o
    0x080019e0   0x080019e0   0x0000000c   Code   RO          338    i.MX_USB_HOST_Process  usb_host.o
    0x080019ec   0x080019ec   0x00000002   Code   RO          557    i.MemManage_Handler  stm32f4xx_it.o
    0x080019ee   0x080019ee   0x00000002   Code   RO          558    i.NMI_Handler       stm32f4xx_it.o
    0x080019f0   0x080019f0   0x0000000c   Code   RO          559    i.OTG_FS_IRQHandler  stm32f4xx_it.o
    0x080019fc   0x080019fc   0x00000002   Code   RO          560    i.PendSV_Handler    stm32f4xx_it.o
    0x080019fe   0x080019fe   0x00000002   Code   RO          561    i.SVC_Handler       stm32f4xx_it.o
    0x08001a00   0x08001a00   0x00000004   Code   RO          562    i.SysTick_Handler   stm32f4xx_it.o
    0x08001a04   0x08001a04   0x00000084   Code   RO           16    i.SystemClock_Config  main.o
    0x08001a88   0x08001a88   0x0000001c   Code   RO         2649    i.SystemInit        system_stm32f4xx.o
    0x08001aa4   0x08001aa4   0x00000010   Code   RO         1228    i.UART_DMAAbortOnError  stm32f4xx_hal_uart.o
    0x08001ab4   0x08001ab4   0x0000001c   Code   RO         1238    i.UART_EndRxTransfer  stm32f4xx_hal_uart.o
    0x08001ad0   0x08001ad0   0x00000096   Code   RO         1240    i.UART_Receive_IT   stm32f4xx_hal_uart.o
    0x08001b66   0x08001b66   0x00000002   PAD
    0x08001b68   0x08001b68   0x00000128   Code   RO         1241    i.UART_SetConfig    stm32f4xx_hal_uart.o
    0x08001c90   0x08001c90   0x00000062   Code   RO         1242    i.UART_Transmit_IT  stm32f4xx_hal_uart.o
    0x08001cf2   0x08001cf2   0x00000064   Code   RO         1243    i.UART_WaitOnFlagUntilTimeout  stm32f4xx_hal_uart.o
    0x08001d56   0x08001d56   0x00000002   PAD
    0x08001d58   0x08001d58   0x0000000c   Code   RO          563    i.USART2_IRQHandler  stm32f4xx_it.o
    0x08001d64   0x08001d64   0x0000003c   Code   RO         3473    i.USBH_AllocPipe    usbh_pipes.o
    0x08001da0   0x08001da0   0x00000020   Code   RO         3401    i.USBH_BulkReceiveData  usbh_ioreq.o
    0x08001dc0   0x08001dc0   0x0000002a   Code   RO         3402    i.USBH_BulkSendData  usbh_ioreq.o
    0x08001dea   0x08001dea   0x0000000a   Code   RO         3474    i.USBH_ClosePipe    usbh_pipes.o
    0x08001df4   0x08001df4   0x0000001e   Code   RO         3307    i.USBH_ClrFeature   usbh_ctlreq.o
    0x08001e12   0x08001e12   0x0000001e   Code   RO         3403    i.USBH_CtlReceiveData  usbh_ioreq.o
    0x08001e30   0x08001e30   0x0000003a   Code   RO         3308    i.USBH_CtlReq       usbh_ctlreq.o
    0x08001e6a   0x08001e6a   0x0000002a   Code   RO         3404    i.USBH_CtlSendData  usbh_ioreq.o
    0x08001e94   0x08001e94   0x0000001e   Code   RO         3405    i.USBH_CtlSendSetup  usbh_ioreq.o
    0x08001eb2   0x08001eb2   0x00000004   Code   RO          384    i.USBH_Delay        usbh_conf.o
    0x08001eb6   0x08001eb6   0x00000044   Code   RO         3175    i.USBH_FindInterface  usbh_core.o
    0x08001efa   0x08001efa   0x0000001c   Code   RO         3475    i.USBH_FreePipe     usbh_pipes.o
    0x08001f16   0x08001f16   0x00000034   Code   RO         3309    i.USBH_GetDescriptor  usbh_ctlreq.o
    0x08001f4a   0x08001f4a   0x0000000e   Code   RO         3310    i.USBH_GetNextDesc  usbh_ctlreq.o
    0x08001f58   0x08001f58   0x0000002e   Code   RO         3311    i.USBH_Get_CfgDesc  usbh_ctlreq.o
    0x08001f86   0x08001f86   0x0000007c   Code   RO         3312    i.USBH_Get_DevDesc  usbh_ctlreq.o
    0x08002002   0x08002002   0x00000048   Code   RO         3313    i.USBH_Get_StringDesc  usbh_ctlreq.o
    0x0800204a   0x0800204a   0x00000018   Code   RO          385    i.USBH_Get_USB_Status  usbh_conf.o
    0x08002062   0x08002062   0x00000192   Code   RO         3314    i.USBH_HandleControl  usbh_ctlreq.o
    0x080021f4   0x080021f4   0x00000116   Code   RO         3178    i.USBH_HandleEnum   usbh_core.o
    0x0800230a   0x0800230a   0x00000034   Code   RO         3179    i.USBH_Init         usbh_core.o
    0x0800233e   0x0800233e   0x00000016   Code   RO          386    i.USBH_LL_ClosePipe  usbh_conf.o
    0x08002354   0x08002354   0x0000002e   Code   RO         3181    i.USBH_LL_Connect   usbh_core.o
    0x08002382   0x08002382   0x0000003c   Code   RO         3182    i.USBH_LL_Disconnect  usbh_core.o
    0x080023be   0x080023be   0x0000000c   Code   RO          388    i.USBH_LL_DriverVBUS  usbh_conf.o
    0x080023ca   0x080023ca   0x0000000c   Code   RO          389    i.USBH_LL_GetLastXferSize  usbh_conf.o
    0x080023d6   0x080023d6   0x00000026   Code   RO          390    i.USBH_LL_GetSpeed  usbh_conf.o
    0x080023fc   0x080023fc   0x00000022   Code   RO          391    i.USBH_LL_GetToggle  usbh_conf.o
    0x0800241e   0x0800241e   0x0000000c   Code   RO          392    i.USBH_LL_GetURBState  usbh_conf.o
    0x0800242a   0x0800242a   0x00000022   Code   RO         3183    i.USBH_LL_IncTimer  usbh_core.o
    0x0800244c   0x0800244c   0x00000054   Code   RO          393    i.USBH_LL_Init      usbh_conf.o
    0x080024a0   0x080024a0   0x00000020   Code   RO          394    i.USBH_LL_OpenPipe  usbh_conf.o
    0x080024c0   0x080024c0   0x0000000c   Code   RO         3184    i.USBH_LL_PortDisabled  usbh_core.o
    0x080024cc   0x080024cc   0x0000000c   Code   RO         3185    i.USBH_LL_PortEnabled  usbh_core.o
    0x080024d8   0x080024d8   0x00000016   Code   RO          395    i.USBH_LL_ResetPort  usbh_conf.o
    0x080024ee   0x080024ee   0x0000000a   Code   RO         3186    i.USBH_LL_SetTimer  usbh_core.o
    0x080024f8   0x080024f8   0x00000024   Code   RO          396    i.USBH_LL_SetToggle  usbh_conf.o
    0x0800251c   0x0800251c   0x00000016   Code   RO          397    i.USBH_LL_Start     usbh_conf.o
    0x08002532   0x08002532   0x00000016   Code   RO          398    i.USBH_LL_Stop      usbh_conf.o
    0x08002548   0x08002548   0x00000026   Code   RO          399    i.USBH_LL_SubmitURB  usbh_conf.o
    0x0800256e   0x0800256e   0x00000020   Code   RO         3606    i.USBH_MSC_BOT_Abort  usbh_msc_bot.o
    0x0800258e   0x0800258e   0x00000002   PAD
    0x08002590   0x08002590   0x00000028   Code   RO         3607    i.USBH_MSC_BOT_Init  usbh_msc_bot.o
    0x080025b8   0x080025b8   0x000001d8   Code   RO         3608    i.USBH_MSC_BOT_Process  usbh_msc_bot.o
    0x08002790   0x08002790   0x00000016   Code   RO         3609    i.USBH_MSC_BOT_REQ_GetMaxLUN  usbh_msc_bot.o
    0x080027a6   0x080027a6   0x00000016   Code   RO         3610    i.USBH_MSC_BOT_REQ_Reset  usbh_msc_bot.o
    0x080027bc   0x080027bc   0x00000078   Code   RO         3515    i.USBH_MSC_ClassRequest  usbh_msc.o
    0x08002834   0x08002834   0x00000030   Code   RO         3516    i.USBH_MSC_GetLUNInfo  usbh_msc.o
    0x08002864   0x08002864   0x00000052   Code   RO         3518    i.USBH_MSC_InterfaceDeInit  usbh_msc.o
    0x080028b6   0x080028b6   0x00000168   Code   RO         3519    i.USBH_MSC_InterfaceInit  usbh_msc.o
    0x08002a1e   0x08002a1e   0x00000276   Code   RO         3521    i.USBH_MSC_Process  usbh_msc.o
    0x08002c94   0x08002c94   0x0000008e   Code   RO         3522    i.USBH_MSC_RdWrProcess  usbh_msc.o
    0x08002d22   0x08002d22   0x0000008e   Code   RO         3523    i.USBH_MSC_Read     usbh_msc.o
    0x08002db0   0x08002db0   0x000000d6   Code   RO         3653    i.USBH_MSC_SCSI_Inquiry  usbh_msc_scsi.o
    0x08002e86   0x08002e86   0x00000082   Code   RO         3654    i.USBH_MSC_SCSI_Read  usbh_msc_scsi.o
    0x08002f08   0x08002f08   0x0000007c   Code   RO         3655    i.USBH_MSC_SCSI_ReadCapacity  usbh_msc_scsi.o
    0x08002f84   0x08002f84   0x00000094   Code   RO         3656    i.USBH_MSC_SCSI_RequestSense  usbh_msc_scsi.o
    0x08003018   0x08003018   0x0000004e   Code   RO         3657    i.USBH_MSC_SCSI_TestUnitReady  usbh_msc_scsi.o
    0x08003066   0x08003066   0x00000082   Code   RO         3658    i.USBH_MSC_SCSI_Write  usbh_msc_scsi.o
    0x080030e8   0x080030e8   0x00000004   Code   RO         3524    i.USBH_MSC_SOFProcess  usbh_msc.o
    0x080030ec   0x080030ec   0x00000028   Code   RO         3525    i.USBH_MSC_UnitIsReady  usbh_msc.o
    0x08003114   0x08003114   0x0000008e   Code   RO         3526    i.USBH_MSC_Write    usbh_msc.o
    0x080031a2   0x080031a2   0x00000014   Code   RO         3476    i.USBH_OpenPipe     usbh_pipes.o
    0x080031b6   0x080031b6   0x000000dc   Code   RO         3315    i.USBH_ParseCfgDesc  usbh_ctlreq.o
    0x08003292   0x08003292   0x000001aa   Code   RO         3187    i.USBH_Process      usbh_core.o
    0x0800343c   0x0800343c   0x00000024   Code   RO         3189    i.USBH_RegisterClass  usbh_core.o
    0x08003460   0x08003460   0x0000001a   Code   RO         3190    i.USBH_SelectInterface  usbh_core.o
    0x0800347a   0x0800347a   0x0000001c   Code   RO         3316    i.USBH_SetAddress   usbh_ctlreq.o
    0x08003496   0x08003496   0x0000001c   Code   RO         3317    i.USBH_SetCfg       usbh_ctlreq.o
    0x080034b2   0x080034b2   0x0000001c   Code   RO         3318    i.USBH_SetFeature   usbh_ctlreq.o
    0x080034ce   0x080034ce   0x00000014   Code   RO         3191    i.USBH_Start        usbh_core.o
    0x080034e2   0x080034e2   0x00000002   PAD
    0x080034e4   0x080034e4   0x00000020   Code   RO          339    i.USBH_UserProcess  usb_host.o
    0x08003504   0x08003504   0x00000004   Code   RO          244    i.USBH_initialize   usbh_diskio.o
    0x08003508   0x08003508   0x00000064   Code   RO          245    i.USBH_ioctl        usbh_diskio.o
    0x0800356c   0x0800356c   0x00000044   Code   RO          246    i.USBH_read         usbh_diskio.o
    0x080035b0   0x080035b0   0x00000018   Code   RO          247    i.USBH_status       usbh_diskio.o
    0x080035c8   0x080035c8   0x0000004c   Code   RO          248    i.USBH_write        usbh_diskio.o
    0x08003614   0x08003614   0x00000074   Code   RO          859    i.USB_CoreInit      stm32f4xx_ll_usb.o
    0x08003688   0x08003688   0x00000038   Code   RO          860    i.USB_CoreReset     stm32f4xx_ll_usb.o
    0x080036c0   0x080036c0   0x0000000c   Code   RO          867    i.USB_DisableGlobalInt  stm32f4xx_ll_usb.o
    0x080036cc   0x080036cc   0x00000024   Code   RO          868    i.USB_DoPing        stm32f4xx_ll_usb.o
    0x080036f0   0x080036f0   0x0000002c   Code   RO          869    i.USB_DriveVbus     stm32f4xx_ll_usb.o
    0x0800371c   0x0800371c   0x0000000c   Code   RO          875    i.USB_EnableGlobalInt  stm32f4xx_ll_usb.o
    0x08003728   0x08003728   0x00000020   Code   RO          876    i.USB_FlushRxFifo   stm32f4xx_ll_usb.o
    0x08003748   0x08003748   0x00000024   Code   RO          877    i.USB_FlushTxFifo   stm32f4xx_ll_usb.o
    0x0800376c   0x0800376c   0x00000008   Code   RO          878    i.USB_GetCurrentFrame  stm32f4xx_ll_usb.o
    0x08003774   0x08003774   0x0000000e   Code   RO          880    i.USB_GetHostSpeed  stm32f4xx_ll_usb.o
    0x08003782   0x08003782   0x00000008   Code   RO          881    i.USB_GetMode       stm32f4xx_ll_usb.o
    0x0800378a   0x0800378a   0x000000c2   Code   RO          882    i.USB_HC_Halt       stm32f4xx_ll_usb.o
    0x0800384c   0x0800384c   0x000000f0   Code   RO          883    i.USB_HC_Init       stm32f4xx_ll_usb.o
    0x0800393c   0x0800393c   0x00000008   Code   RO          884    i.USB_HC_ReadInterrupt  stm32f4xx_ll_usb.o
    0x08003944   0x08003944   0x00000150   Code   RO          885    i.USB_HC_StartXfer  stm32f4xx_ll_usb.o
    0x08003a94   0x08003a94   0x000000d8   Code   RO          886    i.USB_HostInit      stm32f4xx_ll_usb.o
    0x08003b6c   0x08003b6c   0x00000036   Code   RO          887    i.USB_InitFSLSPClkSel  stm32f4xx_ll_usb.o
    0x08003ba2   0x08003ba2   0x00000008   Code   RO          892    i.USB_ReadInterrupts  stm32f4xx_ll_usb.o
    0x08003baa   0x08003baa   0x0000001c   Code   RO          893    i.USB_ReadPacket    stm32f4xx_ll_usb.o
    0x08003bc6   0x08003bc6   0x00000032   Code   RO          894    i.USB_ResetPort     stm32f4xx_ll_usb.o
    0x08003bf8   0x08003bf8   0x0000002e   Code   RO          895    i.USB_SetCurrentMode  stm32f4xx_ll_usb.o
    0x08003c26   0x08003c26   0x00000002   PAD
    0x08003c28   0x08003c28   0x0000007e   Code   RO          900    i.USB_StopHost      stm32f4xx_ll_usb.o
    0x08003ca6   0x08003ca6   0x00000024   Code   RO          901    i.USB_WritePacket   stm32f4xx_ll_usb.o
    0x08003cca   0x08003cca   0x00000002   Code   RO          564    i.UsageFault_Handler  stm32f4xx_it.o
    0x08003ccc   0x08003ccc   0x00000020   Code   RO         3784    i.__0printf$2       mc_w.l(printf2.o)
    0x08003cec   0x08003cec   0x00000028   Code   RO         3786    i.__0sprintf$2      mc_w.l(printf2.o)
    0x08003d14   0x08003d14   0x00000020   Code   RO         2273    i.__NVIC_SetPriority  stm32f4xx_hal_cortex.o
    0x08003d34   0x08003d34   0x0000000e   Code   RO         4048    i.__scatterload_copy  mc_w.l(handlers.o)
    0x08003d42   0x08003d42   0x00000002   Code   RO         4049    i.__scatterload_null  mc_w.l(handlers.o)
    0x08003d44   0x08003d44   0x0000000e   Code   RO         4050    i.__scatterload_zeroinit  mc_w.l(handlers.o)
    0x08003d52   0x08003d52   0x000000d6   Code   RO         3791    i._printf_core      mc_w.l(printf2.o)
    0x08003e28   0x08003e28   0x0000000a   Code   RO         3793    i._sputc            mc_w.l(printf2.o)
    0x08003e32   0x08003e32   0x00000002   PAD
    0x08003e34   0x08003e34   0x00000070   Code   RO         2741    i.check_fs          ff.o
    0x08003ea4   0x08003ea4   0x0000005c   Code   RO         2742    i.chk_lock          ff.o
    0x08003f00   0x08003f00   0x00000020   Code   RO         2743    i.clear_lock        ff.o
    0x08003f20   0x08003f20   0x00000024   Code   RO         2744    i.clmt_clust        ff.o
    0x08003f44   0x08003f44   0x00000018   Code   RO         2745    i.clust2sect        ff.o
    0x08003f5c   0x08003f5c   0x000000a4   Code   RO         2746    i.create_chain      ff.o
    0x08004000   0x08004000   0x000000bc   Code   RO         2747    i.create_name       ff.o
    0x080040bc   0x080040bc   0x00000034   Code   RO         2748    i.dec_lock          ff.o
    0x080040f0   0x080040f0   0x00000064   Code   RO         2749    i.dir_find          ff.o
    0x08004154   0x08004154   0x000000f4   Code   RO         2750    i.dir_next          ff.o
    0x08004248   0x08004248   0x00000060   Code   RO         2751    i.dir_read          ff.o
    0x080042a8   0x080042a8   0x00000066   Code   RO         2752    i.dir_register      ff.o
    0x0800430e   0x0800430e   0x00000082   Code   RO         2754    i.dir_sdi           ff.o
    0x08004390   0x08004390   0x00000028   Code   RO         2686    i.disk_initialize   diskio.o
    0x080043b8   0x080043b8   0x0000001c   Code   RO         2687    i.disk_ioctl        diskio.o
    0x080043d4   0x080043d4   0x0000001c   Code   RO         2688    i.disk_read         diskio.o
    0x080043f0   0x080043f0   0x00000018   Code   RO         2689    i.disk_status       diskio.o
    0x08004408   0x08004408   0x0000001c   Code   RO         2690    i.disk_write        diskio.o
    0x08004424   0x08004424   0x00000028   Code   RO         2755    i.f_close           ff.o
    0x0800444c   0x0800444c   0x00000022   Code   RO         2756    i.f_closedir        ff.o
    0x0800446e   0x0800446e   0x00000212   Code   RO         2761    i.f_lseek           ff.o
    0x08004680   0x08004680   0x00000058   Code   RO         2764    i.f_mount           ff.o
    0x080046d8   0x080046d8   0x0000020c   Code   RO         2765    i.f_open            ff.o
    0x080048e4   0x080048e4   0x00000082   Code   RO         2766    i.f_opendir         ff.o
    0x08004966   0x08004966   0x00000152   Code   RO         2770    i.f_read            ff.o
    0x08004ab8   0x08004ab8   0x00000040   Code   RO         2771    i.f_readdir         ff.o
    0x08004af8   0x08004af8   0x0000008e   Code   RO         2774    i.f_sync            ff.o
    0x08004b86   0x08004b86   0x00000002   PAD
    0x08004b88   0x08004b88   0x00000254   Code   RO         2778    i.find_volume       ff.o
    0x08004ddc   0x08004ddc   0x00000074   Code   RO         2779    i.follow_path       ff.o
    0x08004e50   0x08004e50   0x00000018   Code   RO           17    i.fputc             main.o
    0x08004e68   0x08004e68   0x00000050   Code   RO         3978    i.free              mc_w.l(malloc.o)
    0x08004eb8   0x08004eb8   0x0000003c   Code   RO           18    i.getFileName       main.o
    0x08004ef4   0x08004ef4   0x000000bc   Code   RO         2781    i.get_fat           ff.o
    0x08004fb0   0x08004fb0   0x00000004   Code   RO          300    i.get_fattime       fatfs.o
    0x08004fb4   0x08004fb4   0x00000062   Code   RO         2782    i.get_fileinfo      ff.o
    0x08005016   0x08005016   0x0000003c   Code   RO         2783    i.get_ldnumber      ff.o
    0x08005052   0x08005052   0x00000002   PAD
    0x08005054   0x08005054   0x00000080   Code   RO         2784    i.inc_lock          ff.o
    0x080050d4   0x080050d4   0x00000026   Code   RO         2785    i.ld_clust          ff.o
    0x080050fa   0x080050fa   0x00000016   Code   RO         2786    i.ld_dword          ff.o
    0x08005110   0x08005110   0x0000000a   Code   RO         2787    i.ld_word           ff.o
    0x0800511a   0x0800511a   0x00000002   PAD
    0x0800511c   0x0800511c   0x0000011c   Code   RO           19    i.main              main.o
    0x08005238   0x08005238   0x0000006c   Code   RO         3979    i.malloc            mc_w.l(malloc.o)
    0x080052a4   0x080052a4   0x00000012   Code   RO         2788    i.mem_cpy           ff.o
    0x080052b6   0x080052b6   0x00000002   PAD
    0x080052b8   0x080052b8   0x0000000e   Code   RO         2789    i.mem_set           ff.o
    0x080052c6   0x080052c6   0x00000032   Code   RO         2790    i.move_window       ff.o
    0x080052f8   0x080052f8   0x000000ea   Code   RO         2792    i.put_fat           ff.o
    0x080053e2   0x080053e2   0x00000074   Code   RO         2795    i.remove_chain      ff.o
    0x08005456   0x08005456   0x00000002   PAD
    0x08005458   0x08005458   0x0000008c   Code   RO           20    i.scan_files        main.o
    0x080054e4   0x080054e4   0x00000028   Code   RO         2796    i.st_clust          ff.o
    0x0800550c   0x0800550c   0x00000010   Code   RO         2797    i.st_dword          ff.o
    0x0800551c   0x0800551c   0x00000008   Code   RO         2798    i.st_word           ff.o
    0x08005524   0x08005524   0x00000088   Code   RO         2799    i.sync_fs           ff.o
    0x080055ac   0x080055ac   0x00000052   Code   RO         2800    i.sync_window       ff.o
    0x080055fe   0x080055fe   0x00000034   Code   RO         2801    i.validate          ff.o
    0x08005632   0x08005632   0x00000002   PAD
    0x08005634   0x08005634   0x00000014   Data   RO          249    .constdata          usbh_diskio.o
    0x08005648   0x08005648   0x00000010   Data   RO         2650    .constdata          system_stm32f4xx.o
    0x08005658   0x08005658   0x00000008   Data   RO         2651    .constdata          system_stm32f4xx.o
    0x08005660   0x08005660   0x0000009c   Data   RO         2803    .constdata          ff.o
    0x080056fc   0x080056fc   0x00000004   Data   RO         3527    .conststring        usbh_msc.o
    0x08005700   0x08005700   0x00000020   Data   RO         4046    Region$$Table       anon$$obj.o


    Execution Region RW_IRAM1 (Exec base: 0x20000000, Load base: 0x08005720, Size: 0x0000a588, Max: 0x00020000, ABSOLUTE)

    Exec Addr    Load Addr    Size         Type   Attr      Idx    E Section Name        Object

    0x20000000   0x08005720   0x00000010   Data   RW           22    .data               main.o
    0x20000010   0x08005730   0x00000005   Data   RW          303    .data               fatfs.o
    0x20000015   0x08005735   0x00000001   Data   RW          341    .data               usb_host.o
    0x20000016   0x08005736   0x00000002   PAD
    0x20000018   0x08005738   0x00000004   Data   RW          902    .data               stm32f4xx_ll_usb.o
    0x2000001c   0x0800573c   0x0000000c   Data   RW         2417    .data               stm32f4xx_hal.o
    0x20000028   0x08005748   0x00000004   Data   RW         2652    .data               system_stm32f4xx.o
    0x2000002c   0x0800574c   0x00000008   Data   RW         2804    .data               ff.o
    0x20000034   0x08005754   0x00000020   Data   RW         3528    .data               usbh_msc.o
    0x20000054   0x08005774   0x00000004   Data   RW         4020    .data               mc_w.l(stdout.o)
    0x20000058   0x08005778   0x00000004   Data   RW         4027    .data               mc_w.l(mvars.o)
    0x2000005c   0x0800577c   0x00000004   Data   RW         4028    .data               mc_w.l(mvars.o)
    0x20000060        -       0x00003068   Zero   RW           21    .bss                main.o
    0x200030c8        -       0x000011cc   Zero   RW          340    .bss                usb_host.o
    0x20004294        -       0x000002c4   Zero   RW          400    .bss                usbh_conf.o
    0x20004558        -       0x00000020   Zero   RW         2802    .bss                ff.o
    0x20004578        -       0x0000000c   Zero   RW         3103    .bss                ff_gen_drv.o
    0x20004584   0x08005780   0x00000004   PAD
    0x20004588        -       0x00002000   Zero   RW            2    HEAP                startup_stm32f407xx.o
    0x20006588        -       0x00004000   Zero   RW            1    STACK               startup_stm32f407xx.o


==============================================================================

Image component sizes


      Code (inc. data)   RO Data    RW Data    ZI Data      Debug   Object Name

       148         22          0          0          0       3697   diskio.o
        32         10          0          5          0       1460   fatfs.o
      5284         80        156          8         32      43272   ff.o
        70          6          0          0         12       1615   ff_gen_drv.o
       850        130          0         16      12392     685887   main.o
        36          8        392          0      24576        828   startup_stm32f407xx.o
       180         28          0         12          0       9349   stm32f4xx_hal.o
       198         14          0          0          0      33939   stm32f4xx_hal_cortex.o
        36          0          0          0          0       1199   stm32f4xx_hal_dma.o
       450         46          0          0          0       2380   stm32f4xx_hal_gpio.o
      2268          4          0          0          0      13601   stm32f4xx_hal_hcd.o
       168         18          0          0          0       1545   stm32f4xx_hal_msp.o
      1328         78          0          0          0       5192   stm32f4xx_hal_rcc.o
      1334         16          0          0          0       9675   stm32f4xx_hal_uart.o
        44         12          0          0          0       4938   stm32f4xx_it.o
      1716         52          0          4          0      18033   stm32f4xx_ll_usb.o
        28          6         24          4          0       1107   system_stm32f4xx.o
       108         22          0          1       4556       2094   usb_host.o
       588         16          0          0        708      13217   usbh_conf.o
      1160         20          0          0          0      10900   usbh_core.o
      1102         12          0          0          0      10550   usbh_ctlreq.o
       272         20         20          0          0       4033   usbh_diskio.o
       176          0          0          0          0       4336   usbh_ioreq.o
      1710         10          4         32          0      10737   usbh_msc.o
       588         26          0          0          0       4805   usbh_msc_bot.o
       824          0          0          0          0       6291   usbh_msc_scsi.o
       118          0          0          0          0       3330   usbh_pipes.o

    ----------------------------------------------------------------------
     20856        656        628         84      42280     908010   Object Totals
         0          0         32          0          0          0   (incl. Generated)
        40          0          0          2          4          0   (incl. Padding)

    ----------------------------------------------------------------------

      Code (inc. data)   RO Data    RW Data    ZI Data      Debug   Library Member Name

         0          0          0          0          0          0   entry.o
         0          0          0          0          0          0   entry10a.o
         0          0          0          0          0          0   entry11a.o
         8          4          0          0          0          0   entry2.o
         4          0          0          0          0          0   entry5.o
         0          0          0          0          0          0   entry7b.o
         0          0          0          0          0          0   entry8b.o
         8          4          0          0          0          0   entry9a.o
        30          0          0          0          0          0   handlers.o
        36          8          0          0          0         68   init.o
        30          0          0          0          0         68   llshl.o
        32          0          0          0          0         68   llushr.o
       188         20          0          0          0        160   malloc.o
        36          0          0          0          0         68   memcpya.o
        36          0          0          0          0        108   memseta.o
         0          0          0          8          0          0   mvars.o
       296         16          0          0          0        328   printf2.o
         0          0          0          4          0          0   stdout.o
        14          0          0          0          0         68   strlen.o
        98          0          0          0          0         92   uldiv.o

    ----------------------------------------------------------------------
       820         52          0         12          0       1028   Library Totals
         4          0          0          0          0          0   (incl. Padding)

    ----------------------------------------------------------------------

      Code (inc. data)   RO Data    RW Data    ZI Data      Debug   Library Name

       816         52          0         12          0       1028   mc_w.l

    ----------------------------------------------------------------------
       820         52          0         12          0       1028   Library Totals

    ----------------------------------------------------------------------

==============================================================================


      Code (inc. data)   RO Data    RW Data    ZI Data      Debug   

     21676        708        628         96      42280     886874   Grand Totals
     21676        708        628         96      42280     886874   ELF Image Totals
     21676        708        628         96          0          0   ROM Totals

==============================================================================

    Total RO  Size (Code + RO Data)                22304 (  21.78kB)
    Total RW  Size (RW Data + ZI Data)             42376 (  41.38kB)
    Total ROM Size (Code + RO Data + RW Data)      22400 (  21.88kB)

==============================================================================

